
> shadcn-admin@2.2.1 build C:\proyectos\shadcn-admin
> tsc -b && vite build

src/features/products/components/products-form.tsx(106,9): error TS2322: Type 'Resolver<{ descripcion: string; product_key: string; product_key_nombre: string; precio: number; tax_included: boolean; taxability: string; taxes: { type: "IVA" | "ISR" | "IEPS"; rate: number; withholding: boolean; base?: number | undefined; factor?: "Tasa" | ... 2 more ... | undefined; }[]; ... 4 more ...; sku?: st...' is not assignable to type 'Resolver<{ descripcion: string; product_key: string; product_key_nombre: string; precio: number; tax_included: boolean; taxability: string; taxes: { type: "IVA" | "ISR" | "IEPS"; rate: number; withholding: boolean; base: number; factor: "Tasa" | ... 1 more ... | "Exento"; }[]; ... 4 more ...; sku?: string | undefine...'.
  Types of parameters 'options' and 'options' are incompatible.
    Type 'ResolverOptions<{ descripcion: string; product_key: string; product_key_nombre: string; precio: number; tax_included: boolean; taxability: string; taxes: { type: "IVA" | "ISR" | "IEPS"; rate: number; withholding: boolean; base: number; factor: "Tasa" | ... 1 more ... | "Exento"; }[]; ... 4 more ...; sku?: string | u...' is not assignable to type 'ResolverOptions<{ descripcion: string; product_key: string; product_key_nombre: string; precio: number; tax_included: boolean; taxability: string; taxes: { type: "IVA" | "ISR" | "IEPS"; rate: number; withholding: boolean; base?: number | undefined; factor?: "Tasa" | ... 2 more ... | undefined; }[]; ... 4 more ...; s...'.
      Type '{ type: "IVA" | "ISR" | "IEPS"; rate: number; withholding: boolean; base?: number | undefined; factor?: "Tasa" | "Cuota" | "Exento" | undefined; }[]' is not assignable to type '{ type: "IVA" | "ISR" | "IEPS"; rate: number; withholding: boolean; base: number; factor: "Tasa" | "Cuota" | "Exento"; }[]'.
        Type '{ type: "IVA" | "ISR" | "IEPS"; rate: number; withholding: boolean; base?: number | undefined; factor?: "Tasa" | "Cuota" | "Exento" | undefined; }' is not assignable to type '{ type: "IVA" | "ISR" | "IEPS"; rate: number; withholding: boolean; base: number; factor: "Tasa" | "Cuota" | "Exento"; }'.
          Types of property 'base' are incompatible.
            Type 'number | undefined' is not assignable to type 'number'.
              Type 'undefined' is not assignable to type 'number'.
src/features/products/components/products-form.tsx(168,47): error TS2345: Argument of type '(data: CreateProductPayload) => void' is not assignable to parameter of type 'SubmitHandler<TFieldValues>'.
  Types of parameters 'data' and 'data' are incompatible.
    Type 'TFieldValues' is not assignable to type '{ descripcion: string; product_key: string; product_key_nombre: string; precio: number; tax_included: boolean; taxability: string; taxes: { type: "IVA" | "ISR" | "IEPS"; rate: number; withholding: boolean; base: number; factor: "Tasa" | ... 1 more ... | "Exento"; }[]; ... 4 more ...; sku?: string | undefined; }'.
      Type 'FieldValues' is missing the following properties from type '{ descripcion: string; product_key: string; product_key_nombre: string; precio: number; tax_included: boolean; taxability: string; taxes: { type: "IVA" | "ISR" | "IEPS"; rate: number; withholding: boolean; base: number; factor: "Tasa" | ... 1 more ... | "Exento"; }[]; ... 4 more ...; sku?: string | undefined; }': descripcion, product_key, product_key_nombre, precio, and 7 more.
src/features/products/components/products-form.tsx(175,29): error TS2719: Type 'import("C:/proyectos/shadcn-admin/node_modules/.pnpm/react-hook-form@7.64.0_react@19.2.0/node_modules/react-hook-form/dist/types/form").Control<{ descripcion: string; product_key: string; product_key_nombre: string; precio: number; tax_included: boolean; taxability: string; taxes: { type: "IVA" | "ISR" | "IEPS"; rat...' is not assignable to type 'import("C:/proyectos/shadcn-admin/node_modules/.pnpm/react-hook-form@7.64.0_react@19.2.0/node_modules/react-hook-form/dist/types/form").Control<{ descripcion: string; product_key: string; product_key_nombre: string; precio: number; tax_included: boolean; taxability: string; taxes: { type: "IVA" | "ISR" | "IEPS"; rat...'. Two different types with this name exist, but they are unrelated.
  The types of '_options.resolver' are incompatible between these types.
    Type 'import("C:/proyectos/shadcn-admin/node_modules/.pnpm/react-hook-form@7.64.0_react@19.2.0/node_modules/react-hook-form/dist/types/resolvers").Resolver<{ descripcion: string; product_key: string; product_key_nombre: string; precio: number; tax_included: boolean; taxability: string; taxes: { type: "IVA" | "ISR" | "IEPS...' is not assignable to type 'import("C:/proyectos/shadcn-admin/node_modules/.pnpm/react-hook-form@7.64.0_react@19.2.0/node_modules/react-hook-form/dist/types/resolvers").Resolver<{ descripcion: string; product_key: string; product_key_nombre: string; precio: number; tax_included: boolean; taxability: string; taxes: { type: "IVA" | "ISR" | "IEPS...'. Two different types with this name exist, but they are unrelated.
      Type 'import("C:/proyectos/shadcn-admin/node_modules/.pnpm/react-hook-form@7.64.0_react@19.2.0/node_modules/react-hook-form/dist/types/resolvers").Resolver<{ descripcion: string; product_key: string; product_key_nombre: string; precio: number; tax_included: boolean; taxability: string; taxes: { type: "IVA" | "ISR" | "IEPS...' is not assignable to type 'import("C:/proyectos/shadcn-admin/node_modules/.pnpm/react-hook-form@7.64.0_react@19.2.0/node_modules/react-hook-form/dist/types/resolvers").Resolver<{ descripcion: string; product_key: string; product_key_nombre: string; precio: number; tax_included: boolean; taxability: string; taxes: { type: "IVA" | "ISR" | "IEPS...'. Two different types with this name exist, but they are unrelated.
        Type 'import("C:/proyectos/shadcn-admin/node_modules/.pnpm/react-hook-form@7.64.0_react@19.2.0/node_modules/react-hook-form/dist/types/resolvers").ResolverResult<{ descripcion: string; product_key: string; product_key_nombre: string; precio: number; tax_included: boolean; taxability: string; taxes: { type: "IVA" | "ISR" |...' is not assignable to type 'import("C:/proyectos/shadcn-admin/node_modules/.pnpm/react-hook-form@7.64.0_react@19.2.0/node_modules/react-hook-form/dist/types/resolvers").ResolverResult<{ descripcion: string; product_key: string; product_key_nombre: string; precio: number; tax_included: boolean; taxability: string; taxes: { type: "IVA" | "ISR" |...'. Two different types with this name exist, but they are unrelated.
          Type 'ResolverSuccess<TFieldValues>' is not assignable to type 'ResolverResult<{ descripcion: string; product_key: string; product_key_nombre: string; precio: number; tax_included: boolean; taxability: string; taxes: { type: "IVA" | "ISR" | "IEPS"; rate: number; withholding: boolean; base: number; factor: "Tasa" | ... 1 more ... | "Exento"; }[]; ... 4 more ...; sku?: string | un...'.
            Type 'ResolverSuccess<TFieldValues>' is not assignable to type 'ResolverSuccess<{ descripcion: string; product_key: string; product_key_nombre: string; precio: number; tax_included: boolean; taxability: string; taxes: { type: "IVA" | "ISR" | "IEPS"; rate: number; withholding: boolean; base: number; factor: "Tasa" | ... 1 more ... | "Exento"; }[]; ... 4 more ...; sku?: string | u...'.
              Type 'TFieldValues' is not assignable to type '{ descripcion: string; product_key: string; product_key_nombre: string; precio: number; tax_included: boolean; taxability: string; taxes: { type: "IVA" | "ISR" | "IEPS"; rate: number; withholding: boolean; base: number; factor: "Tasa" | ... 1 more ... | "Exento"; }[]; ... 4 more ...; sku?: string | undefined; }'.
                Type 'FieldValues' is missing the following properties from type '{ descripcion: string; product_key: string; product_key_nombre: string; precio: number; tax_included: boolean; taxability: string; taxes: { type: "IVA" | "ISR" | "IEPS"; rate: number; withholding: boolean; base: number; factor: "Tasa" | ... 1 more ... | "Exento"; }[]; ... 4 more ...; sku?: string | undefined; }': descripcion, product_key, product_key_nombre, precio, and 7 more.
src/features/products/components/products-form.tsx(188,29): error TS2719: Type 'import("C:/proyectos/shadcn-admin/node_modules/.pnpm/react-hook-form@7.64.0_react@19.2.0/node_modules/react-hook-form/dist/types/form").Control<{ descripcion: string; product_key: string; product_key_nombre: string; precio: number; tax_included: boolean; taxability: string; taxes: { type: "IVA" | "ISR" | "IEPS"; rat...' is not assignable to type 'import("C:/proyectos/shadcn-admin/node_modules/.pnpm/react-hook-form@7.64.0_react@19.2.0/node_modules/react-hook-form/dist/types/form").Control<{ descripcion: string; product_key: string; product_key_nombre: string; precio: number; tax_included: boolean; taxability: string; taxes: { type: "IVA" | "ISR" | "IEPS"; rat...'. Two different types with this name exist, but they are unrelated.
  The types of '_options.resolver' are incompatible between these types.
    Type 'import("C:/proyectos/shadcn-admin/node_modules/.pnpm/react-hook-form@7.64.0_react@19.2.0/node_modules/react-hook-form/dist/types/resolvers").Resolver<{ descripcion: string; product_key: string; product_key_nombre: string; precio: number; tax_included: boolean; taxability: string; taxes: { type: "IVA" | "ISR" | "IEPS...' is not assignable to type 'import("C:/proyectos/shadcn-admin/node_modules/.pnpm/react-hook-form@7.64.0_react@19.2.0/node_modules/react-hook-form/dist/types/resolvers").Resolver<{ descripcion: string; product_key: string; product_key_nombre: string; precio: number; tax_included: boolean; taxability: string; taxes: { type: "IVA" | "ISR" | "IEPS...'. Two different types with this name exist, but they are unrelated.
      Type 'import("C:/proyectos/shadcn-admin/node_modules/.pnpm/react-hook-form@7.64.0_react@19.2.0/node_modules/react-hook-form/dist/types/resolvers").Resolver<{ descripcion: string; product_key: string; product_key_nombre: string; precio: number; tax_included: boolean; taxability: string; taxes: { type: "IVA" | "ISR" | "IEPS...' is not assignable to type 'import("C:/proyectos/shadcn-admin/node_modules/.pnpm/react-hook-form@7.64.0_react@19.2.0/node_modules/react-hook-form/dist/types/resolvers").Resolver<{ descripcion: string; product_key: string; product_key_nombre: string; precio: number; tax_included: boolean; taxability: string; taxes: { type: "IVA" | "ISR" | "IEPS...'. Two different types with this name exist, but they are unrelated.
        Type 'import("C:/proyectos/shadcn-admin/node_modules/.pnpm/react-hook-form@7.64.0_react@19.2.0/node_modules/react-hook-form/dist/types/resolvers").ResolverResult<{ descripcion: string; product_key: string; product_key_nombre: string; precio: number; tax_included: boolean; taxability: string; taxes: { type: "IVA" | "ISR" |...' is not assignable to type 'import("C:/proyectos/shadcn-admin/node_modules/.pnpm/react-hook-form@7.64.0_react@19.2.0/node_modules/react-hook-form/dist/types/resolvers").ResolverResult<{ descripcion: string; product_key: string; product_key_nombre: string; precio: number; tax_included: boolean; taxability: string; taxes: { type: "IVA" | "ISR" |...'. Two different types with this name exist, but they are unrelated.
          Type 'ResolverSuccess<TFieldValues>' is not assignable to type 'ResolverResult<{ descripcion: string; product_key: string; product_key_nombre: string; precio: number; tax_included: boolean; taxability: string; taxes: { type: "IVA" | "ISR" | "IEPS"; rate: number; withholding: boolean; base: number; factor: "Tasa" | ... 1 more ... | "Exento"; }[]; ... 4 more ...; sku?: string | un...'.
            Type 'ResolverSuccess<TFieldValues>' is not assignable to type 'ResolverSuccess<{ descripcion: string; product_key: string; product_key_nombre: string; precio: number; tax_included: boolean; taxability: string; taxes: { type: "IVA" | "ISR" | "IEPS"; rate: number; withholding: boolean; base: number; factor: "Tasa" | ... 1 more ... | "Exento"; }[]; ... 4 more ...; sku?: string | u...'.
              Type 'TFieldValues' is not assignable to type '{ descripcion: string; product_key: string; product_key_nombre: string; precio: number; tax_included: boolean; taxability: string; taxes: { type: "IVA" | "ISR" | "IEPS"; rate: number; withholding: boolean; base: number; factor: "Tasa" | ... 1 more ... | "Exento"; }[]; ... 4 more ...; sku?: string | undefined; }'.
                Type 'FieldValues' is missing the following properties from type '{ descripcion: string; product_key: string; product_key_nombre: string; precio: number; tax_included: boolean; taxability: string; taxes: { type: "IVA" | "ISR" | "IEPS"; rate: number; withholding: boolean; base: number; factor: "Tasa" | ... 1 more ... | "Exento"; }[]; ... 4 more ...; sku?: string | undefined; }': descripcion, product_key, product_key_nombre, precio, and 7 more.
src/features/products/components/products-form.tsx(211,33): error TS2719: Type 'import("C:/proyectos/shadcn-admin/node_modules/.pnpm/react-hook-form@7.64.0_react@19.2.0/node_modules/react-hook-form/dist/types/form").Control<{ descripcion: string; product_key: string; product_key_nombre: string; precio: number; tax_included: boolean; taxability: string; taxes: { type: "IVA" | "ISR" | "IEPS"; rat...' is not assignable to type 'import("C:/proyectos/shadcn-admin/node_modules/.pnpm/react-hook-form@7.64.0_react@19.2.0/node_modules/react-hook-form/dist/types/form").Control<{ descripcion: string; product_key: string; product_key_nombre: string; precio: number; tax_included: boolean; taxability: string; taxes: { type: "IVA" | "ISR" | "IEPS"; rat...'. Two different types with this name exist, but they are unrelated.
  The types of '_options.resolver' are incompatible between these types.
    Type 'import("C:/proyectos/shadcn-admin/node_modules/.pnpm/react-hook-form@7.64.0_react@19.2.0/node_modules/react-hook-form/dist/types/resolvers").Resolver<{ descripcion: string; product_key: string; product_key_nombre: string; precio: number; tax_included: boolean; taxability: string; taxes: { type: "IVA" | "ISR" | "IEPS...' is not assignable to type 'import("C:/proyectos/shadcn-admin/node_modules/.pnpm/react-hook-form@7.64.0_react@19.2.0/node_modules/react-hook-form/dist/types/resolvers").Resolver<{ descripcion: string; product_key: string; product_key_nombre: string; precio: number; tax_included: boolean; taxability: string; taxes: { type: "IVA" | "ISR" | "IEPS...'. Two different types with this name exist, but they are unrelated.
      Type 'import("C:/proyectos/shadcn-admin/node_modules/.pnpm/react-hook-form@7.64.0_react@19.2.0/node_modules/react-hook-form/dist/types/resolvers").Resolver<{ descripcion: string; product_key: string; product_key_nombre: string; precio: number; tax_included: boolean; taxability: string; taxes: { type: "IVA" | "ISR" | "IEPS...' is not assignable to type 'import("C:/proyectos/shadcn-admin/node_modules/.pnpm/react-hook-form@7.64.0_react@19.2.0/node_modules/react-hook-form/dist/types/resolvers").Resolver<{ descripcion: string; product_key: string; product_key_nombre: string; precio: number; tax_included: boolean; taxability: string; taxes: { type: "IVA" | "ISR" | "IEPS...'. Two different types with this name exist, but they are unrelated.
        Type 'import("C:/proyectos/shadcn-admin/node_modules/.pnpm/react-hook-form@7.64.0_react@19.2.0/node_modules/react-hook-form/dist/types/resolvers").ResolverResult<{ descripcion: string; product_key: string; product_key_nombre: string; precio: number; tax_included: boolean; taxability: string; taxes: { type: "IVA" | "ISR" |...' is not assignable to type 'import("C:/proyectos/shadcn-admin/node_modules/.pnpm/react-hook-form@7.64.0_react@19.2.0/node_modules/react-hook-form/dist/types/resolvers").ResolverResult<{ descripcion: string; product_key: string; product_key_nombre: string; precio: number; tax_included: boolean; taxability: string; taxes: { type: "IVA" | "ISR" |...'. Two different types with this name exist, but they are unrelated.
          Type 'ResolverSuccess<TFieldValues>' is not assignable to type 'ResolverResult<{ descripcion: string; product_key: string; product_key_nombre: string; precio: number; tax_included: boolean; taxability: string; taxes: { type: "IVA" | "ISR" | "IEPS"; rate: number; withholding: boolean; base: number; factor: "Tasa" | ... 1 more ... | "Exento"; }[]; ... 4 more ...; sku?: string | un...'.
            Type 'ResolverSuccess<TFieldValues>' is not assignable to type 'ResolverSuccess<{ descripcion: string; product_key: string; product_key_nombre: string; precio: number; tax_included: boolean; taxability: string; taxes: { type: "IVA" | "ISR" | "IEPS"; rate: number; withholding: boolean; base: number; factor: "Tasa" | ... 1 more ... | "Exento"; }[]; ... 4 more ...; sku?: string | u...'.
              Type 'TFieldValues' is not assignable to type '{ descripcion: string; product_key: string; product_key_nombre: string; precio: number; tax_included: boolean; taxability: string; taxes: { type: "IVA" | "ISR" | "IEPS"; rate: number; withholding: boolean; base: number; factor: "Tasa" | ... 1 more ... | "Exento"; }[]; ... 4 more ...; sku?: string | undefined; }'.
                Type 'FieldValues' is missing the following properties from type '{ descripcion: string; product_key: string; product_key_nombre: string; precio: number; tax_included: boolean; taxability: string; taxes: { type: "IVA" | "ISR" | "IEPS"; rate: number; withholding: boolean; base: number; factor: "Tasa" | ... 1 more ... | "Exento"; }[]; ... 4 more ...; sku?: string | undefined; }': descripcion, product_key, product_key_nombre, precio, and 7 more.
src/features/products/components/products-form.tsx(224,33): error TS2719: Type 'import("C:/proyectos/shadcn-admin/node_modules/.pnpm/react-hook-form@7.64.0_react@19.2.0/node_modules/react-hook-form/dist/types/form").Control<{ descripcion: string; product_key: string; product_key_nombre: string; precio: number; tax_included: boolean; taxability: string; taxes: { type: "IVA" | "ISR" | "IEPS"; rat...' is not assignable to type 'import("C:/proyectos/shadcn-admin/node_modules/.pnpm/react-hook-form@7.64.0_react@19.2.0/node_modules/react-hook-form/dist/types/form").Control<{ descripcion: string; product_key: string; product_key_nombre: string; precio: number; tax_included: boolean; taxability: string; taxes: { type: "IVA" | "ISR" | "IEPS"; rat...'. Two different types with this name exist, but they are unrelated.
  The types of '_options.resolver' are incompatible between these types.
    Type 'import("C:/proyectos/shadcn-admin/node_modules/.pnpm/react-hook-form@7.64.0_react@19.2.0/node_modules/react-hook-form/dist/types/resolvers").Resolver<{ descripcion: string; product_key: string; product_key_nombre: string; precio: number; tax_included: boolean; taxability: string; taxes: { type: "IVA" | "ISR" | "IEPS...' is not assignable to type 'import("C:/proyectos/shadcn-admin/node_modules/.pnpm/react-hook-form@7.64.0_react@19.2.0/node_modules/react-hook-form/dist/types/resolvers").Resolver<{ descripcion: string; product_key: string; product_key_nombre: string; precio: number; tax_included: boolean; taxability: string; taxes: { type: "IVA" | "ISR" | "IEPS...'. Two different types with this name exist, but they are unrelated.
      Type 'import("C:/proyectos/shadcn-admin/node_modules/.pnpm/react-hook-form@7.64.0_react@19.2.0/node_modules/react-hook-form/dist/types/resolvers").Resolver<{ descripcion: string; product_key: string; product_key_nombre: string; precio: number; tax_included: boolean; taxability: string; taxes: { type: "IVA" | "ISR" | "IEPS...' is not assignable to type 'import("C:/proyectos/shadcn-admin/node_modules/.pnpm/react-hook-form@7.64.0_react@19.2.0/node_modules/react-hook-form/dist/types/resolvers").Resolver<{ descripcion: string; product_key: string; product_key_nombre: string; precio: number; tax_included: boolean; taxability: string; taxes: { type: "IVA" | "ISR" | "IEPS...'. Two different types with this name exist, but they are unrelated.
        Type 'import("C:/proyectos/shadcn-admin/node_modules/.pnpm/react-hook-form@7.64.0_react@19.2.0/node_modules/react-hook-form/dist/types/resolvers").ResolverResult<{ descripcion: string; product_key: string; product_key_nombre: string; precio: number; tax_included: boolean; taxability: string; taxes: { type: "IVA" | "ISR" |...' is not assignable to type 'import("C:/proyectos/shadcn-admin/node_modules/.pnpm/react-hook-form@7.64.0_react@19.2.0/node_modules/react-hook-form/dist/types/resolvers").ResolverResult<{ descripcion: string; product_key: string; product_key_nombre: string; precio: number; tax_included: boolean; taxability: string; taxes: { type: "IVA" | "ISR" |...'. Two different types with this name exist, but they are unrelated.
          Type 'ResolverSuccess<TFieldValues>' is not assignable to type 'ResolverResult<{ descripcion: string; product_key: string; product_key_nombre: string; precio: number; tax_included: boolean; taxability: string; taxes: { type: "IVA" | "ISR" | "IEPS"; rate: number; withholding: boolean; base: number; factor: "Tasa" | ... 1 more ... | "Exento"; }[]; ... 4 more ...; sku?: string | un...'.
            Type 'ResolverSuccess<TFieldValues>' is not assignable to type 'ResolverSuccess<{ descripcion: string; product_key: string; product_key_nombre: string; precio: number; tax_included: boolean; taxability: string; taxes: { type: "IVA" | "ISR" | "IEPS"; rate: number; withholding: boolean; base: number; factor: "Tasa" | ... 1 more ... | "Exento"; }[]; ... 4 more ...; sku?: string | u...'.
              Type 'TFieldValues' is not assignable to type '{ descripcion: string; product_key: string; product_key_nombre: string; precio: number; tax_included: boolean; taxability: string; taxes: { type: "IVA" | "ISR" | "IEPS"; rate: number; withholding: boolean; base: number; factor: "Tasa" | ... 1 more ... | "Exento"; }[]; ... 4 more ...; sku?: string | undefined; }'.
                Type 'FieldValues' is missing the following properties from type '{ descripcion: string; product_key: string; product_key_nombre: string; precio: number; tax_included: boolean; taxability: string; taxes: { type: "IVA" | "ISR" | "IEPS"; rate: number; withholding: boolean; base: number; factor: "Tasa" | ... 1 more ... | "Exento"; }[]; ... 4 more ...; sku?: string | undefined; }': descripcion, product_key, product_key_nombre, precio, and 7 more.
src/features/products/components/products-form.tsx(238,29): error TS2719: Type 'import("C:/proyectos/shadcn-admin/node_modules/.pnpm/react-hook-form@7.64.0_react@19.2.0/node_modules/react-hook-form/dist/types/form").Control<{ descripcion: string; product_key: string; product_key_nombre: string; precio: number; tax_included: boolean; taxability: string; taxes: { type: "IVA" | "ISR" | "IEPS"; rat...' is not assignable to type 'import("C:/proyectos/shadcn-admin/node_modules/.pnpm/react-hook-form@7.64.0_react@19.2.0/node_modules/react-hook-form/dist/types/form").Control<{ descripcion: string; product_key: string; product_key_nombre: string; precio: number; tax_included: boolean; taxability: string; taxes: { type: "IVA" | "ISR" | "IEPS"; rat...'. Two different types with this name exist, but they are unrelated.
  The types of '_options.resolver' are incompatible between these types.
    Type 'import("C:/proyectos/shadcn-admin/node_modules/.pnpm/react-hook-form@7.64.0_react@19.2.0/node_modules/react-hook-form/dist/types/resolvers").Resolver<{ descripcion: string; product_key: string; product_key_nombre: string; precio: number; tax_included: boolean; taxability: string; taxes: { type: "IVA" | "ISR" | "IEPS...' is not assignable to type 'import("C:/proyectos/shadcn-admin/node_modules/.pnpm/react-hook-form@7.64.0_react@19.2.0/node_modules/react-hook-form/dist/types/resolvers").Resolver<{ descripcion: string; product_key: string; product_key_nombre: string; precio: number; tax_included: boolean; taxability: string; taxes: { type: "IVA" | "ISR" | "IEPS...'. Two different types with this name exist, but they are unrelated.
      Type 'import("C:/proyectos/shadcn-admin/node_modules/.pnpm/react-hook-form@7.64.0_react@19.2.0/node_modules/react-hook-form/dist/types/resolvers").Resolver<{ descripcion: string; product_key: string; product_key_nombre: string; precio: number; tax_included: boolean; taxability: string; taxes: { type: "IVA" | "ISR" | "IEPS...' is not assignable to type 'import("C:/proyectos/shadcn-admin/node_modules/.pnpm/react-hook-form@7.64.0_react@19.2.0/node_modules/react-hook-form/dist/types/resolvers").Resolver<{ descripcion: string; product_key: string; product_key_nombre: string; precio: number; tax_included: boolean; taxability: string; taxes: { type: "IVA" | "ISR" | "IEPS...'. Two different types with this name exist, but they are unrelated.
        Type 'import("C:/proyectos/shadcn-admin/node_modules/.pnpm/react-hook-form@7.64.0_react@19.2.0/node_modules/react-hook-form/dist/types/resolvers").ResolverResult<{ descripcion: string; product_key: string; product_key_nombre: string; precio: number; tax_included: boolean; taxability: string; taxes: { type: "IVA" | "ISR" |...' is not assignable to type 'import("C:/proyectos/shadcn-admin/node_modules/.pnpm/react-hook-form@7.64.0_react@19.2.0/node_modules/react-hook-form/dist/types/resolvers").ResolverResult<{ descripcion: string; product_key: string; product_key_nombre: string; precio: number; tax_included: boolean; taxability: string; taxes: { type: "IVA" | "ISR" |...'. Two different types with this name exist, but they are unrelated.
          Type 'ResolverSuccess<TFieldValues>' is not assignable to type 'ResolverResult<{ descripcion: string; product_key: string; product_key_nombre: string; precio: number; tax_included: boolean; taxability: string; taxes: { type: "IVA" | "ISR" | "IEPS"; rate: number; withholding: boolean; base: number; factor: "Tasa" | ... 1 more ... | "Exento"; }[]; ... 4 more ...; sku?: string | un...'.
            Type 'ResolverSuccess<TFieldValues>' is not assignable to type 'ResolverSuccess<{ descripcion: string; product_key: string; product_key_nombre: string; precio: number; tax_included: boolean; taxability: string; taxes: { type: "IVA" | "ISR" | "IEPS"; rate: number; withholding: boolean; base: number; factor: "Tasa" | ... 1 more ... | "Exento"; }[]; ... 4 more ...; sku?: string | u...'.
              Type 'TFieldValues' is not assignable to type '{ descripcion: string; product_key: string; product_key_nombre: string; precio: number; tax_included: boolean; taxability: string; taxes: { type: "IVA" | "ISR" | "IEPS"; rate: number; withholding: boolean; base: number; factor: "Tasa" | ... 1 more ... | "Exento"; }[]; ... 4 more ...; sku?: string | undefined; }'.
                Type 'FieldValues' is missing the following properties from type '{ descripcion: string; product_key: string; product_key_nombre: string; precio: number; tax_included: boolean; taxability: string; taxes: { type: "IVA" | "ISR" | "IEPS"; rate: number; withholding: boolean; base: number; factor: "Tasa" | ... 1 more ... | "Exento"; }[]; ... 4 more ...; sku?: string | undefined; }': descripcion, product_key, product_key_nombre, precio, and 7 more.
src/features/products/components/products-form.tsx(266,37): error TS2719: Type 'import("C:/proyectos/shadcn-admin/node_modules/.pnpm/react-hook-form@7.64.0_react@19.2.0/node_modules/react-hook-form/dist/types/form").Control<{ descripcion: string; product_key: string; product_key_nombre: string; precio: number; tax_included: boolean; taxability: string; taxes: { type: "IVA" | "ISR" | "IEPS"; rat...' is not assignable to type 'import("C:/proyectos/shadcn-admin/node_modules/.pnpm/react-hook-form@7.64.0_react@19.2.0/node_modules/react-hook-form/dist/types/form").Control<{ descripcion: string; product_key: string; product_key_nombre: string; precio: number; tax_included: boolean; taxability: string; taxes: { type: "IVA" | "ISR" | "IEPS"; rat...'. Two different types with this name exist, but they are unrelated.
  The types of '_options.resolver' are incompatible between these types.
    Type 'import("C:/proyectos/shadcn-admin/node_modules/.pnpm/react-hook-form@7.64.0_react@19.2.0/node_modules/react-hook-form/dist/types/resolvers").Resolver<{ descripcion: string; product_key: string; product_key_nombre: string; precio: number; tax_included: boolean; taxability: string; taxes: { type: "IVA" | "ISR" | "IEPS...' is not assignable to type 'import("C:/proyectos/shadcn-admin/node_modules/.pnpm/react-hook-form@7.64.0_react@19.2.0/node_modules/react-hook-form/dist/types/resolvers").Resolver<{ descripcion: string; product_key: string; product_key_nombre: string; precio: number; tax_included: boolean; taxability: string; taxes: { type: "IVA" | "ISR" | "IEPS...'. Two different types with this name exist, but they are unrelated.
      Type 'import("C:/proyectos/shadcn-admin/node_modules/.pnpm/react-hook-form@7.64.0_react@19.2.0/node_modules/react-hook-form/dist/types/resolvers").Resolver<{ descripcion: string; product_key: string; product_key_nombre: string; precio: number; tax_included: boolean; taxability: string; taxes: { type: "IVA" | "ISR" | "IEPS...' is not assignable to type 'import("C:/proyectos/shadcn-admin/node_modules/.pnpm/react-hook-form@7.64.0_react@19.2.0/node_modules/react-hook-form/dist/types/resolvers").Resolver<{ descripcion: string; product_key: string; product_key_nombre: string; precio: number; tax_included: boolean; taxability: string; taxes: { type: "IVA" | "ISR" | "IEPS...'. Two different types with this name exist, but they are unrelated.
        Type 'import("C:/proyectos/shadcn-admin/node_modules/.pnpm/react-hook-form@7.64.0_react@19.2.0/node_modules/react-hook-form/dist/types/resolvers").ResolverResult<{ descripcion: string; product_key: string; product_key_nombre: string; precio: number; tax_included: boolean; taxability: string; taxes: { type: "IVA" | "ISR" |...' is not assignable to type 'import("C:/proyectos/shadcn-admin/node_modules/.pnpm/react-hook-form@7.64.0_react@19.2.0/node_modules/react-hook-form/dist/types/resolvers").ResolverResult<{ descripcion: string; product_key: string; product_key_nombre: string; precio: number; tax_included: boolean; taxability: string; taxes: { type: "IVA" | "ISR" |...'. Two different types with this name exist, but they are unrelated.
          Type 'ResolverSuccess<TFieldValues>' is not assignable to type 'ResolverResult<{ descripcion: string; product_key: string; product_key_nombre: string; precio: number; tax_included: boolean; taxability: string; taxes: { type: "IVA" | "ISR" | "IEPS"; rate: number; withholding: boolean; base: number; factor: "Tasa" | ... 1 more ... | "Exento"; }[]; ... 4 more ...; sku?: string | un...'.
            Type 'ResolverSuccess<TFieldValues>' is not assignable to type 'ResolverSuccess<{ descripcion: string; product_key: string; product_key_nombre: string; precio: number; tax_included: boolean; taxability: string; taxes: { type: "IVA" | "ISR" | "IEPS"; rate: number; withholding: boolean; base: number; factor: "Tasa" | ... 1 more ... | "Exento"; }[]; ... 4 more ...; sku?: string | u...'.
              Type 'TFieldValues' is not assignable to type '{ descripcion: string; product_key: string; product_key_nombre: string; precio: number; tax_included: boolean; taxability: string; taxes: { type: "IVA" | "ISR" | "IEPS"; rate: number; withholding: boolean; base: number; factor: "Tasa" | ... 1 more ... | "Exento"; }[]; ... 4 more ...; sku?: string | undefined; }'.
                Type 'FieldValues' is missing the following properties from type '{ descripcion: string; product_key: string; product_key_nombre: string; precio: number; tax_included: boolean; taxability: string; taxes: { type: "IVA" | "ISR" | "IEPS"; rate: number; withholding: boolean; base: number; factor: "Tasa" | ... 1 more ... | "Exento"; }[]; ... 4 more ...; sku?: string | undefined; }': descripcion, product_key, product_key_nombre, precio, and 7 more.
src/features/products/components/products-form.tsx(289,45): error TS2719: Type 'import("C:/proyectos/shadcn-admin/node_modules/.pnpm/react-hook-form@7.64.0_react@19.2.0/node_modules/react-hook-form/dist/types/form").Control<{ descripcion: string; product_key: string; product_key_nombre: string; precio: number; tax_included: boolean; taxability: string; taxes: { type: "IVA" | "ISR" | "IEPS"; rat...' is not assignable to type 'import("C:/proyectos/shadcn-admin/node_modules/.pnpm/react-hook-form@7.64.0_react@19.2.0/node_modules/react-hook-form/dist/types/form").Control<{ descripcion: string; product_key: string; product_key_nombre: string; precio: number; tax_included: boolean; taxability: string; taxes: { type: "IVA" | "ISR" | "IEPS"; rat...'. Two different types with this name exist, but they are unrelated.
  The types of '_options.resolver' are incompatible between these types.
    Type 'import("C:/proyectos/shadcn-admin/node_modules/.pnpm/react-hook-form@7.64.0_react@19.2.0/node_modules/react-hook-form/dist/types/resolvers").Resolver<{ descripcion: string; product_key: string; product_key_nombre: string; precio: number; tax_included: boolean; taxability: string; taxes: { type: "IVA" | "ISR" | "IEPS...' is not assignable to type 'import("C:/proyectos/shadcn-admin/node_modules/.pnpm/react-hook-form@7.64.0_react@19.2.0/node_modules/react-hook-form/dist/types/resolvers").Resolver<{ descripcion: string; product_key: string; product_key_nombre: string; precio: number; tax_included: boolean; taxability: string; taxes: { type: "IVA" | "ISR" | "IEPS...'. Two different types with this name exist, but they are unrelated.
      Type 'import("C:/proyectos/shadcn-admin/node_modules/.pnpm/react-hook-form@7.64.0_react@19.2.0/node_modules/react-hook-form/dist/types/resolvers").Resolver<{ descripcion: string; product_key: string; product_key_nombre: string; precio: number; tax_included: boolean; taxability: string; taxes: { type: "IVA" | "ISR" | "IEPS...' is not assignable to type 'import("C:/proyectos/shadcn-admin/node_modules/.pnpm/react-hook-form@7.64.0_react@19.2.0/node_modules/react-hook-form/dist/types/resolvers").Resolver<{ descripcion: string; product_key: string; product_key_nombre: string; precio: number; tax_included: boolean; taxability: string; taxes: { type: "IVA" | "ISR" | "IEPS...'. Two different types with this name exist, but they are unrelated.
        Type 'import("C:/proyectos/shadcn-admin/node_modules/.pnpm/react-hook-form@7.64.0_react@19.2.0/node_modules/react-hook-form/dist/types/resolvers").ResolverResult<{ descripcion: string; product_key: string; product_key_nombre: string; precio: number; tax_included: boolean; taxability: string; taxes: { type: "IVA" | "ISR" |...' is not assignable to type 'import("C:/proyectos/shadcn-admin/node_modules/.pnpm/react-hook-form@7.64.0_react@19.2.0/node_modules/react-hook-form/dist/types/resolvers").ResolverResult<{ descripcion: string; product_key: string; product_key_nombre: string; precio: number; tax_included: boolean; taxability: string; taxes: { type: "IVA" | "ISR" |...'. Two different types with this name exist, but they are unrelated.
          Type 'ResolverSuccess<TFieldValues>' is not assignable to type 'ResolverResult<{ descripcion: string; product_key: string; product_key_nombre: string; precio: number; tax_included: boolean; taxability: string; taxes: { type: "IVA" | "ISR" | "IEPS"; rate: number; withholding: boolean; base: number; factor: "Tasa" | ... 1 more ... | "Exento"; }[]; ... 4 more ...; sku?: string | un...'.
            Type 'ResolverSuccess<TFieldValues>' is not assignable to type 'ResolverSuccess<{ descripcion: string; product_key: string; product_key_nombre: string; precio: number; tax_included: boolean; taxability: string; taxes: { type: "IVA" | "ISR" | "IEPS"; rate: number; withholding: boolean; base: number; factor: "Tasa" | ... 1 more ... | "Exento"; }[]; ... 4 more ...; sku?: string | u...'.
              Type 'TFieldValues' is not assignable to type '{ descripcion: string; product_key: string; product_key_nombre: string; precio: number; tax_included: boolean; taxability: string; taxes: { type: "IVA" | "ISR" | "IEPS"; rate: number; withholding: boolean; base: number; factor: "Tasa" | ... 1 more ... | "Exento"; }[]; ... 4 more ...; sku?: string | undefined; }'.
                Type 'FieldValues' is missing the following properties from type '{ descripcion: string; product_key: string; product_key_nombre: string; precio: number; tax_included: boolean; taxability: string; taxes: { type: "IVA" | "ISR" | "IEPS"; rate: number; withholding: boolean; base: number; factor: "Tasa" | ... 1 more ... | "Exento"; }[]; ... 4 more ...; sku?: string | undefined; }': descripcion, product_key, product_key_nombre, precio, and 7 more.
src/features/products/components/products-form.tsx(311,45): error TS2719: Type 'import("C:/proyectos/shadcn-admin/node_modules/.pnpm/react-hook-form@7.64.0_react@19.2.0/node_modules/react-hook-form/dist/types/form").Control<{ descripcion: string; product_key: string; product_key_nombre: string; precio: number; tax_included: boolean; taxability: string; taxes: { type: "IVA" | "ISR" | "IEPS"; rat...' is not assignable to type 'import("C:/proyectos/shadcn-admin/node_modules/.pnpm/react-hook-form@7.64.0_react@19.2.0/node_modules/react-hook-form/dist/types/form").Control<{ descripcion: string; product_key: string; product_key_nombre: string; precio: number; tax_included: boolean; taxability: string; taxes: { type: "IVA" | "ISR" | "IEPS"; rat...'. Two different types with this name exist, but they are unrelated.
  The types of '_options.resolver' are incompatible between these types.
    Type 'import("C:/proyectos/shadcn-admin/node_modules/.pnpm/react-hook-form@7.64.0_react@19.2.0/node_modules/react-hook-form/dist/types/resolvers").Resolver<{ descripcion: string; product_key: string; product_key_nombre: string; precio: number; tax_included: boolean; taxability: string; taxes: { type: "IVA" | "ISR" | "IEPS...' is not assignable to type 'import("C:/proyectos/shadcn-admin/node_modules/.pnpm/react-hook-form@7.64.0_react@19.2.0/node_modules/react-hook-form/dist/types/resolvers").Resolver<{ descripcion: string; product_key: string; product_key_nombre: string; precio: number; tax_included: boolean; taxability: string; taxes: { type: "IVA" | "ISR" | "IEPS...'. Two different types with this name exist, but they are unrelated.
      Type 'import("C:/proyectos/shadcn-admin/node_modules/.pnpm/react-hook-form@7.64.0_react@19.2.0/node_modules/react-hook-form/dist/types/resolvers").Resolver<{ descripcion: string; product_key: string; product_key_nombre: string; precio: number; tax_included: boolean; taxability: string; taxes: { type: "IVA" | "ISR" | "IEPS...' is not assignable to type 'import("C:/proyectos/shadcn-admin/node_modules/.pnpm/react-hook-form@7.64.0_react@19.2.0/node_modules/react-hook-form/dist/types/resolvers").Resolver<{ descripcion: string; product_key: string; product_key_nombre: string; precio: number; tax_included: boolean; taxability: string; taxes: { type: "IVA" | "ISR" | "IEPS...'. Two different types with this name exist, but they are unrelated.
        Type 'import("C:/proyectos/shadcn-admin/node_modules/.pnpm/react-hook-form@7.64.0_react@19.2.0/node_modules/react-hook-form/dist/types/resolvers").ResolverResult<{ descripcion: string; product_key: string; product_key_nombre: string; precio: number; tax_included: boolean; taxability: string; taxes: { type: "IVA" | "ISR" |...' is not assignable to type 'import("C:/proyectos/shadcn-admin/node_modules/.pnpm/react-hook-form@7.64.0_react@19.2.0/node_modules/react-hook-form/dist/types/resolvers").ResolverResult<{ descripcion: string; product_key: string; product_key_nombre: string; precio: number; tax_included: boolean; taxability: string; taxes: { type: "IVA" | "ISR" |...'. Two different types with this name exist, but they are unrelated.
          Type 'ResolverSuccess<TFieldValues>' is not assignable to type 'ResolverResult<{ descripcion: string; product_key: string; product_key_nombre: string; precio: number; tax_included: boolean; taxability: string; taxes: { type: "IVA" | "ISR" | "IEPS"; rate: number; withholding: boolean; base: number; factor: "Tasa" | ... 1 more ... | "Exento"; }[]; ... 4 more ...; sku?: string | un...'.
            Type 'ResolverSuccess<TFieldValues>' is not assignable to type 'ResolverSuccess<{ descripcion: string; product_key: string; product_key_nombre: string; precio: number; tax_included: boolean; taxability: string; taxes: { type: "IVA" | "ISR" | "IEPS"; rate: number; withholding: boolean; base: number; factor: "Tasa" | ... 1 more ... | "Exento"; }[]; ... 4 more ...; sku?: string | u...'.
              Type 'TFieldValues' is not assignable to type '{ descripcion: string; product_key: string; product_key_nombre: string; precio: number; tax_included: boolean; taxability: string; taxes: { type: "IVA" | "ISR" | "IEPS"; rate: number; withholding: boolean; base: number; factor: "Tasa" | ... 1 more ... | "Exento"; }[]; ... 4 more ...; sku?: string | undefined; }'.
                Type 'FieldValues' is missing the following properties from type '{ descripcion: string; product_key: string; product_key_nombre: string; precio: number; tax_included: boolean; taxability: string; taxes: { type: "IVA" | "ISR" | "IEPS"; rate: number; withholding: boolean; base: number; factor: "Tasa" | ... 1 more ... | "Exento"; }[]; ... 4 more ...; sku?: string | undefined; }': descripcion, product_key, product_key_nombre, precio, and 7 more.
src/features/products/components/products-form.tsx(324,45): error TS2719: Type 'import("C:/proyectos/shadcn-admin/node_modules/.pnpm/react-hook-form@7.64.0_react@19.2.0/node_modules/react-hook-form/dist/types/form").Control<{ descripcion: string; product_key: string; product_key_nombre: string; precio: number; tax_included: boolean; taxability: string; taxes: { type: "IVA" | "ISR" | "IEPS"; rat...' is not assignable to type 'import("C:/proyectos/shadcn-admin/node_modules/.pnpm/react-hook-form@7.64.0_react@19.2.0/node_modules/react-hook-form/dist/types/form").Control<{ descripcion: string; product_key: string; product_key_nombre: string; precio: number; tax_included: boolean; taxability: string; taxes: { type: "IVA" | "ISR" | "IEPS"; rat...'. Two different types with this name exist, but they are unrelated.
  The types of '_options.resolver' are incompatible between these types.
    Type 'import("C:/proyectos/shadcn-admin/node_modules/.pnpm/react-hook-form@7.64.0_react@19.2.0/node_modules/react-hook-form/dist/types/resolvers").Resolver<{ descripcion: string; product_key: string; product_key_nombre: string; precio: number; tax_included: boolean; taxability: string; taxes: { type: "IVA" | "ISR" | "IEPS...' is not assignable to type 'import("C:/proyectos/shadcn-admin/node_modules/.pnpm/react-hook-form@7.64.0_react@19.2.0/node_modules/react-hook-form/dist/types/resolvers").Resolver<{ descripcion: string; product_key: string; product_key_nombre: string; precio: number; tax_included: boolean; taxability: string; taxes: { type: "IVA" | "ISR" | "IEPS...'. Two different types with this name exist, but they are unrelated.
      Type 'import("C:/proyectos/shadcn-admin/node_modules/.pnpm/react-hook-form@7.64.0_react@19.2.0/node_modules/react-hook-form/dist/types/resolvers").Resolver<{ descripcion: string; product_key: string; product_key_nombre: string; precio: number; tax_included: boolean; taxability: string; taxes: { type: "IVA" | "ISR" | "IEPS...' is not assignable to type 'import("C:/proyectos/shadcn-admin/node_modules/.pnpm/react-hook-form@7.64.0_react@19.2.0/node_modules/react-hook-form/dist/types/resolvers").Resolver<{ descripcion: string; product_key: string; product_key_nombre: string; precio: number; tax_included: boolean; taxability: string; taxes: { type: "IVA" | "ISR" | "IEPS...'. Two different types with this name exist, but they are unrelated.
        Type 'import("C:/proyectos/shadcn-admin/node_modules/.pnpm/react-hook-form@7.64.0_react@19.2.0/node_modules/react-hook-form/dist/types/resolvers").ResolverResult<{ descripcion: string; product_key: string; product_key_nombre: string; precio: number; tax_included: boolean; taxability: string; taxes: { type: "IVA" | "ISR" |...' is not assignable to type 'import("C:/proyectos/shadcn-admin/node_modules/.pnpm/react-hook-form@7.64.0_react@19.2.0/node_modules/react-hook-form/dist/types/resolvers").ResolverResult<{ descripcion: string; product_key: string; product_key_nombre: string; precio: number; tax_included: boolean; taxability: string; taxes: { type: "IVA" | "ISR" |...'. Two different types with this name exist, but they are unrelated.
          Type 'ResolverSuccess<TFieldValues>' is not assignable to type 'ResolverResult<{ descripcion: string; product_key: string; product_key_nombre: string; precio: number; tax_included: boolean; taxability: string; taxes: { type: "IVA" | "ISR" | "IEPS"; rate: number; withholding: boolean; base: number; factor: "Tasa" | ... 1 more ... | "Exento"; }[]; ... 4 more ...; sku?: string | un...'.
            Type 'ResolverSuccess<TFieldValues>' is not assignable to type 'ResolverSuccess<{ descripcion: string; product_key: string; product_key_nombre: string; precio: number; tax_included: boolean; taxability: string; taxes: { type: "IVA" | "ISR" | "IEPS"; rate: number; withholding: boolean; base: number; factor: "Tasa" | ... 1 more ... | "Exento"; }[]; ... 4 more ...; sku?: string | u...'.
              Type 'TFieldValues' is not assignable to type '{ descripcion: string; product_key: string; product_key_nombre: string; precio: number; tax_included: boolean; taxability: string; taxes: { type: "IVA" | "ISR" | "IEPS"; rate: number; withholding: boolean; base: number; factor: "Tasa" | ... 1 more ... | "Exento"; }[]; ... 4 more ...; sku?: string | undefined; }'.
                Type 'FieldValues' is missing the following properties from type '{ descripcion: string; product_key: string; product_key_nombre: string; precio: number; tax_included: boolean; taxability: string; taxes: { type: "IVA" | "ISR" | "IEPS"; rate: number; withholding: boolean; base: number; factor: "Tasa" | ... 1 more ... | "Exento"; }[]; ... 4 more ...; sku?: string | undefined; }': descripcion, product_key, product_key_nombre, precio, and 7 more.
src/features/products/components/products-form.tsx(337,45): error TS2719: Type 'import("C:/proyectos/shadcn-admin/node_modules/.pnpm/react-hook-form@7.64.0_react@19.2.0/node_modules/react-hook-form/dist/types/form").Control<{ descripcion: string; product_key: string; product_key_nombre: string; precio: number; tax_included: boolean; taxability: string; taxes: { type: "IVA" | "ISR" | "IEPS"; rat...' is not assignable to type 'import("C:/proyectos/shadcn-admin/node_modules/.pnpm/react-hook-form@7.64.0_react@19.2.0/node_modules/react-hook-form/dist/types/form").Control<{ descripcion: string; product_key: string; product_key_nombre: string; precio: number; tax_included: boolean; taxability: string; taxes: { type: "IVA" | "ISR" | "IEPS"; rat...'. Two different types with this name exist, but they are unrelated.
  The types of '_options.resolver' are incompatible between these types.
    Type 'import("C:/proyectos/shadcn-admin/node_modules/.pnpm/react-hook-form@7.64.0_react@19.2.0/node_modules/react-hook-form/dist/types/resolvers").Resolver<{ descripcion: string; product_key: string; product_key_nombre: string; precio: number; tax_included: boolean; taxability: string; taxes: { type: "IVA" | "ISR" | "IEPS...' is not assignable to type 'import("C:/proyectos/shadcn-admin/node_modules/.pnpm/react-hook-form@7.64.0_react@19.2.0/node_modules/react-hook-form/dist/types/resolvers").Resolver<{ descripcion: string; product_key: string; product_key_nombre: string; precio: number; tax_included: boolean; taxability: string; taxes: { type: "IVA" | "ISR" | "IEPS...'. Two different types with this name exist, but they are unrelated.
      Type 'import("C:/proyectos/shadcn-admin/node_modules/.pnpm/react-hook-form@7.64.0_react@19.2.0/node_modules/react-hook-form/dist/types/resolvers").Resolver<{ descripcion: string; product_key: string; product_key_nombre: string; precio: number; tax_included: boolean; taxability: string; taxes: { type: "IVA" | "ISR" | "IEPS...' is not assignable to type 'import("C:/proyectos/shadcn-admin/node_modules/.pnpm/react-hook-form@7.64.0_react@19.2.0/node_modules/react-hook-form/dist/types/resolvers").Resolver<{ descripcion: string; product_key: string; product_key_nombre: string; precio: number; tax_included: boolean; taxability: string; taxes: { type: "IVA" | "ISR" | "IEPS...'. Two different types with this name exist, but they are unrelated.
        Type 'import("C:/proyectos/shadcn-admin/node_modules/.pnpm/react-hook-form@7.64.0_react@19.2.0/node_modules/react-hook-form/dist/types/resolvers").ResolverResult<{ descripcion: string; product_key: string; product_key_nombre: string; precio: number; tax_included: boolean; taxability: string; taxes: { type: "IVA" | "ISR" |...' is not assignable to type 'import("C:/proyectos/shadcn-admin/node_modules/.pnpm/react-hook-form@7.64.0_react@19.2.0/node_modules/react-hook-form/dist/types/resolvers").ResolverResult<{ descripcion: string; product_key: string; product_key_nombre: string; precio: number; tax_included: boolean; taxability: string; taxes: { type: "IVA" | "ISR" |...'. Two different types with this name exist, but they are unrelated.
          Type 'ResolverSuccess<TFieldValues>' is not assignable to type 'ResolverResult<{ descripcion: string; product_key: string; product_key_nombre: string; precio: number; tax_included: boolean; taxability: string; taxes: { type: "IVA" | "ISR" | "IEPS"; rate: number; withholding: boolean; base: number; factor: "Tasa" | ... 1 more ... | "Exento"; }[]; ... 4 more ...; sku?: string | un...'.
            Type 'ResolverSuccess<TFieldValues>' is not assignable to type 'ResolverSuccess<{ descripcion: string; product_key: string; product_key_nombre: string; precio: number; tax_included: boolean; taxability: string; taxes: { type: "IVA" | "ISR" | "IEPS"; rate: number; withholding: boolean; base: number; factor: "Tasa" | ... 1 more ... | "Exento"; }[]; ... 4 more ...; sku?: string | u...'.
              Type 'TFieldValues' is not assignable to type '{ descripcion: string; product_key: string; product_key_nombre: string; precio: number; tax_included: boolean; taxability: string; taxes: { type: "IVA" | "ISR" | "IEPS"; rate: number; withholding: boolean; base: number; factor: "Tasa" | ... 1 more ... | "Exento"; }[]; ... 4 more ...; sku?: string | undefined; }'.
                Type 'FieldValues' is missing the following properties from type '{ descripcion: string; product_key: string; product_key_nombre: string; precio: number; tax_included: boolean; taxability: string; taxes: { type: "IVA" | "ISR" | "IEPS"; rate: number; withholding: boolean; base: number; factor: "Tasa" | ... 1 more ... | "Exento"; }[]; ... 4 more ...; sku?: string | undefined; }': descripcion, product_key, product_key_nombre, precio, and 7 more.
src/features/products/components/products-form.tsx(359,45): error TS2719: Type 'import("C:/proyectos/shadcn-admin/node_modules/.pnpm/react-hook-form@7.64.0_react@19.2.0/node_modules/react-hook-form/dist/types/form").Control<{ descripcion: string; product_key: string; product_key_nombre: string; precio: number; tax_included: boolean; taxability: string; taxes: { type: "IVA" | "ISR" | "IEPS"; rat...' is not assignable to type 'import("C:/proyectos/shadcn-admin/node_modules/.pnpm/react-hook-form@7.64.0_react@19.2.0/node_modules/react-hook-form/dist/types/form").Control<{ descripcion: string; product_key: string; product_key_nombre: string; precio: number; tax_included: boolean; taxability: string; taxes: { type: "IVA" | "ISR" | "IEPS"; rat...'. Two different types with this name exist, but they are unrelated.
  The types of '_options.resolver' are incompatible between these types.
    Type 'import("C:/proyectos/shadcn-admin/node_modules/.pnpm/react-hook-form@7.64.0_react@19.2.0/node_modules/react-hook-form/dist/types/resolvers").Resolver<{ descripcion: string; product_key: string; product_key_nombre: string; precio: number; tax_included: boolean; taxability: string; taxes: { type: "IVA" | "ISR" | "IEPS...' is not assignable to type 'import("C:/proyectos/shadcn-admin/node_modules/.pnpm/react-hook-form@7.64.0_react@19.2.0/node_modules/react-hook-form/dist/types/resolvers").Resolver<{ descripcion: string; product_key: string; product_key_nombre: string; precio: number; tax_included: boolean; taxability: string; taxes: { type: "IVA" | "ISR" | "IEPS...'. Two different types with this name exist, but they are unrelated.
      Type 'import("C:/proyectos/shadcn-admin/node_modules/.pnpm/react-hook-form@7.64.0_react@19.2.0/node_modules/react-hook-form/dist/types/resolvers").Resolver<{ descripcion: string; product_key: string; product_key_nombre: string; precio: number; tax_included: boolean; taxability: string; taxes: { type: "IVA" | "ISR" | "IEPS...' is not assignable to type 'import("C:/proyectos/shadcn-admin/node_modules/.pnpm/react-hook-form@7.64.0_react@19.2.0/node_modules/react-hook-form/dist/types/resolvers").Resolver<{ descripcion: string; product_key: string; product_key_nombre: string; precio: number; tax_included: boolean; taxability: string; taxes: { type: "IVA" | "ISR" | "IEPS...'. Two different types with this name exist, but they are unrelated.
        Type 'import("C:/proyectos/shadcn-admin/node_modules/.pnpm/react-hook-form@7.64.0_react@19.2.0/node_modules/react-hook-form/dist/types/resolvers").ResolverResult<{ descripcion: string; product_key: string; product_key_nombre: string; precio: number; tax_included: boolean; taxability: string; taxes: { type: "IVA" | "ISR" |...' is not assignable to type 'import("C:/proyectos/shadcn-admin/node_modules/.pnpm/react-hook-form@7.64.0_react@19.2.0/node_modules/react-hook-form/dist/types/resolvers").ResolverResult<{ descripcion: string; product_key: string; product_key_nombre: string; precio: number; tax_included: boolean; taxability: string; taxes: { type: "IVA" | "ISR" |...'. Two different types with this name exist, but they are unrelated.
          Type 'ResolverSuccess<TFieldValues>' is not assignable to type 'ResolverResult<{ descripcion: string; product_key: string; product_key_nombre: string; precio: number; tax_included: boolean; taxability: string; taxes: { type: "IVA" | "ISR" | "IEPS"; rate: number; withholding: boolean; base: number; factor: "Tasa" | ... 1 more ... | "Exento"; }[]; ... 4 more ...; sku?: string | un...'.
            Type 'ResolverSuccess<TFieldValues>' is not assignable to type 'ResolverSuccess<{ descripcion: string; product_key: string; product_key_nombre: string; precio: number; tax_included: boolean; taxability: string; taxes: { type: "IVA" | "ISR" | "IEPS"; rate: number; withholding: boolean; base: number; factor: "Tasa" | ... 1 more ... | "Exento"; }[]; ... 4 more ...; sku?: string | u...'.
              Type 'TFieldValues' is not assignable to type '{ descripcion: string; product_key: string; product_key_nombre: string; precio: number; tax_included: boolean; taxability: string; taxes: { type: "IVA" | "ISR" | "IEPS"; rate: number; withholding: boolean; base: number; factor: "Tasa" | ... 1 more ... | "Exento"; }[]; ... 4 more ...; sku?: string | undefined; }'.
                Type 'FieldValues' is missing the following properties from type '{ descripcion: string; product_key: string; product_key_nombre: string; precio: number; tax_included: boolean; taxability: string; taxes: { type: "IVA" | "ISR" | "IEPS"; rate: number; withholding: boolean; base: number; factor: "Tasa" | ... 1 more ... | "Exento"; }[]; ... 4 more ...; sku?: string | undefined; }': descripcion, product_key, product_key_nombre, precio, and 7 more.
src/features/products/components/products-form.tsx(414,45): error TS2719: Type 'import("C:/proyectos/shadcn-admin/node_modules/.pnpm/react-hook-form@7.64.0_react@19.2.0/node_modules/react-hook-form/dist/types/form").Control<{ descripcion: string; product_key: string; product_key_nombre: string; precio: number; tax_included: boolean; taxability: string; taxes: { type: "IVA" | "ISR" | "IEPS"; rat...' is not assignable to type 'import("C:/proyectos/shadcn-admin/node_modules/.pnpm/react-hook-form@7.64.0_react@19.2.0/node_modules/react-hook-form/dist/types/form").Control<{ descripcion: string; product_key: string; product_key_nombre: string; precio: number; tax_included: boolean; taxability: string; taxes: { type: "IVA" | "ISR" | "IEPS"; rat...'. Two different types with this name exist, but they are unrelated.
  The types of '_options.resolver' are incompatible between these types.
    Type 'import("C:/proyectos/shadcn-admin/node_modules/.pnpm/react-hook-form@7.64.0_react@19.2.0/node_modules/react-hook-form/dist/types/resolvers").Resolver<{ descripcion: string; product_key: string; product_key_nombre: string; precio: number; tax_included: boolean; taxability: string; taxes: { type: "IVA" | "ISR" | "IEPS...' is not assignable to type 'import("C:/proyectos/shadcn-admin/node_modules/.pnpm/react-hook-form@7.64.0_react@19.2.0/node_modules/react-hook-form/dist/types/resolvers").Resolver<{ descripcion: string; product_key: string; product_key_nombre: string; precio: number; tax_included: boolean; taxability: string; taxes: { type: "IVA" | "ISR" | "IEPS...'. Two different types with this name exist, but they are unrelated.
      Type 'import("C:/proyectos/shadcn-admin/node_modules/.pnpm/react-hook-form@7.64.0_react@19.2.0/node_modules/react-hook-form/dist/types/resolvers").Resolver<{ descripcion: string; product_key: string; product_key_nombre: string; precio: number; tax_included: boolean; taxability: string; taxes: { type: "IVA" | "ISR" | "IEPS...' is not assignable to type 'import("C:/proyectos/shadcn-admin/node_modules/.pnpm/react-hook-form@7.64.0_react@19.2.0/node_modules/react-hook-form/dist/types/resolvers").Resolver<{ descripcion: string; product_key: string; product_key_nombre: string; precio: number; tax_included: boolean; taxability: string; taxes: { type: "IVA" | "ISR" | "IEPS...'. Two different types with this name exist, but they are unrelated.
        Type 'import("C:/proyectos/shadcn-admin/node_modules/.pnpm/react-hook-form@7.64.0_react@19.2.0/node_modules/react-hook-form/dist/types/resolvers").ResolverResult<{ descripcion: string; product_key: string; product_key_nombre: string; precio: number; tax_included: boolean; taxability: string; taxes: { type: "IVA" | "ISR" |...' is not assignable to type 'import("C:/proyectos/shadcn-admin/node_modules/.pnpm/react-hook-form@7.64.0_react@19.2.0/node_modules/react-hook-form/dist/types/resolvers").ResolverResult<{ descripcion: string; product_key: string; product_key_nombre: string; precio: number; tax_included: boolean; taxability: string; taxes: { type: "IVA" | "ISR" |...'. Two different types with this name exist, but they are unrelated.
          Type 'ResolverSuccess<TFieldValues>' is not assignable to type 'ResolverResult<{ descripcion: string; product_key: string; product_key_nombre: string; precio: number; tax_included: boolean; taxability: string; taxes: { type: "IVA" | "ISR" | "IEPS"; rate: number; withholding: boolean; base: number; factor: "Tasa" | ... 1 more ... | "Exento"; }[]; ... 4 more ...; sku?: string | un...'.
            Type 'ResolverSuccess<TFieldValues>' is not assignable to type 'ResolverSuccess<{ descripcion: string; product_key: string; product_key_nombre: string; precio: number; tax_included: boolean; taxability: string; taxes: { type: "IVA" | "ISR" | "IEPS"; rate: number; withholding: boolean; base: number; factor: "Tasa" | ... 1 more ... | "Exento"; }[]; ... 4 more ...; sku?: string | u...'.
              Type 'TFieldValues' is not assignable to type '{ descripcion: string; product_key: string; product_key_nombre: string; precio: number; tax_included: boolean; taxability: string; taxes: { type: "IVA" | "ISR" | "IEPS"; rate: number; withholding: boolean; base: number; factor: "Tasa" | ... 1 more ... | "Exento"; }[]; ... 4 more ...; sku?: string | undefined; }'.
                Type 'FieldValues' is missing the following properties from type '{ descripcion: string; product_key: string; product_key_nombre: string; precio: number; tax_included: boolean; taxability: string; taxes: { type: "IVA" | "ISR" | "IEPS"; rate: number; withholding: boolean; base: number; factor: "Tasa" | ... 1 more ... | "Exento"; }[]; ... 4 more ...; sku?: string | undefined; }': descripcion, product_key, product_key_nombre, precio, and 7 more.
src/features/products/components/products-form.tsx(427,45): error TS2719: Type 'import("C:/proyectos/shadcn-admin/node_modules/.pnpm/react-hook-form@7.64.0_react@19.2.0/node_modules/react-hook-form/dist/types/form").Control<{ descripcion: string; product_key: string; product_key_nombre: string; precio: number; tax_included: boolean; taxability: string; taxes: { type: "IVA" | "ISR" | "IEPS"; rat...' is not assignable to type 'import("C:/proyectos/shadcn-admin/node_modules/.pnpm/react-hook-form@7.64.0_react@19.2.0/node_modules/react-hook-form/dist/types/form").Control<{ descripcion: string; product_key: string; product_key_nombre: string; precio: number; tax_included: boolean; taxability: string; taxes: { type: "IVA" | "ISR" | "IEPS"; rat...'. Two different types with this name exist, but they are unrelated.
  The types of '_options.resolver' are incompatible between these types.
    Type 'import("C:/proyectos/shadcn-admin/node_modules/.pnpm/react-hook-form@7.64.0_react@19.2.0/node_modules/react-hook-form/dist/types/resolvers").Resolver<{ descripcion: string; product_key: string; product_key_nombre: string; precio: number; tax_included: boolean; taxability: string; taxes: { type: "IVA" | "ISR" | "IEPS...' is not assignable to type 'import("C:/proyectos/shadcn-admin/node_modules/.pnpm/react-hook-form@7.64.0_react@19.2.0/node_modules/react-hook-form/dist/types/resolvers").Resolver<{ descripcion: string; product_key: string; product_key_nombre: string; precio: number; tax_included: boolean; taxability: string; taxes: { type: "IVA" | "ISR" | "IEPS...'. Two different types with this name exist, but they are unrelated.
      Type 'import("C:/proyectos/shadcn-admin/node_modules/.pnpm/react-hook-form@7.64.0_react@19.2.0/node_modules/react-hook-form/dist/types/resolvers").Resolver<{ descripcion: string; product_key: string; product_key_nombre: string; precio: number; tax_included: boolean; taxability: string; taxes: { type: "IVA" | "ISR" | "IEPS...' is not assignable to type 'import("C:/proyectos/shadcn-admin/node_modules/.pnpm/react-hook-form@7.64.0_react@19.2.0/node_modules/react-hook-form/dist/types/resolvers").Resolver<{ descripcion: string; product_key: string; product_key_nombre: string; precio: number; tax_included: boolean; taxability: string; taxes: { type: "IVA" | "ISR" | "IEPS...'. Two different types with this name exist, but they are unrelated.
        Type 'import("C:/proyectos/shadcn-admin/node_modules/.pnpm/react-hook-form@7.64.0_react@19.2.0/node_modules/react-hook-form/dist/types/resolvers").ResolverResult<{ descripcion: string; product_key: string; product_key_nombre: string; precio: number; tax_included: boolean; taxability: string; taxes: { type: "IVA" | "ISR" |...' is not assignable to type 'import("C:/proyectos/shadcn-admin/node_modules/.pnpm/react-hook-form@7.64.0_react@19.2.0/node_modules/react-hook-form/dist/types/resolvers").ResolverResult<{ descripcion: string; product_key: string; product_key_nombre: string; precio: number; tax_included: boolean; taxability: string; taxes: { type: "IVA" | "ISR" |...'. Two different types with this name exist, but they are unrelated.
          Type 'ResolverSuccess<TFieldValues>' is not assignable to type 'ResolverResult<{ descripcion: string; product_key: string; product_key_nombre: string; precio: number; tax_included: boolean; taxability: string; taxes: { type: "IVA" | "ISR" | "IEPS"; rate: number; withholding: boolean; base: number; factor: "Tasa" | ... 1 more ... | "Exento"; }[]; ... 4 more ...; sku?: string | un...'.
            Type 'ResolverSuccess<TFieldValues>' is not assignable to type 'ResolverSuccess<{ descripcion: string; product_key: string; product_key_nombre: string; precio: number; tax_included: boolean; taxability: string; taxes: { type: "IVA" | "ISR" | "IEPS"; rate: number; withholding: boolean; base: number; factor: "Tasa" | ... 1 more ... | "Exento"; }[]; ... 4 more ...; sku?: string | u...'.
              Type 'TFieldValues' is not assignable to type '{ descripcion: string; product_key: string; product_key_nombre: string; precio: number; tax_included: boolean; taxability: string; taxes: { type: "IVA" | "ISR" | "IEPS"; rate: number; withholding: boolean; base: number; factor: "Tasa" | ... 1 more ... | "Exento"; }[]; ... 4 more ...; sku?: string | undefined; }'.
                Type 'FieldValues' is missing the following properties from type '{ descripcion: string; product_key: string; product_key_nombre: string; precio: number; tax_included: boolean; taxability: string; taxes: { type: "IVA" | "ISR" | "IEPS"; rate: number; withholding: boolean; base: number; factor: "Tasa" | ... 1 more ... | "Exento"; }[]; ... 4 more ...; sku?: string | undefined; }': descripcion, product_key, product_key_nombre, precio, and 7 more.
src/features/products/components/products-form.tsx(440,45): error TS2719: Type 'import("C:/proyectos/shadcn-admin/node_modules/.pnpm/react-hook-form@7.64.0_react@19.2.0/node_modules/react-hook-form/dist/types/form").Control<{ descripcion: string; product_key: string; product_key_nombre: string; precio: number; tax_included: boolean; taxability: string; taxes: { type: "IVA" | "ISR" | "IEPS"; rat...' is not assignable to type 'import("C:/proyectos/shadcn-admin/node_modules/.pnpm/react-hook-form@7.64.0_react@19.2.0/node_modules/react-hook-form/dist/types/form").Control<{ descripcion: string; product_key: string; product_key_nombre: string; precio: number; tax_included: boolean; taxability: string; taxes: { type: "IVA" | "ISR" | "IEPS"; rat...'. Two different types with this name exist, but they are unrelated.
  The types of '_options.resolver' are incompatible between these types.
    Type 'import("C:/proyectos/shadcn-admin/node_modules/.pnpm/react-hook-form@7.64.0_react@19.2.0/node_modules/react-hook-form/dist/types/resolvers").Resolver<{ descripcion: string; product_key: string; product_key_nombre: string; precio: number; tax_included: boolean; taxability: string; taxes: { type: "IVA" | "ISR" | "IEPS...' is not assignable to type 'import("C:/proyectos/shadcn-admin/node_modules/.pnpm/react-hook-form@7.64.0_react@19.2.0/node_modules/react-hook-form/dist/types/resolvers").Resolver<{ descripcion: string; product_key: string; product_key_nombre: string; precio: number; tax_included: boolean; taxability: string; taxes: { type: "IVA" | "ISR" | "IEPS...'. Two different types with this name exist, but they are unrelated.
      Type 'import("C:/proyectos/shadcn-admin/node_modules/.pnpm/react-hook-form@7.64.0_react@19.2.0/node_modules/react-hook-form/dist/types/resolvers").Resolver<{ descripcion: string; product_key: string; product_key_nombre: string; precio: number; tax_included: boolean; taxability: string; taxes: { type: "IVA" | "ISR" | "IEPS...' is not assignable to type 'import("C:/proyectos/shadcn-admin/node_modules/.pnpm/react-hook-form@7.64.0_react@19.2.0/node_modules/react-hook-form/dist/types/resolvers").Resolver<{ descripcion: string; product_key: string; product_key_nombre: string; precio: number; tax_included: boolean; taxability: string; taxes: { type: "IVA" | "ISR" | "IEPS...'. Two different types with this name exist, but they are unrelated.
        Type 'import("C:/proyectos/shadcn-admin/node_modules/.pnpm/react-hook-form@7.64.0_react@19.2.0/node_modules/react-hook-form/dist/types/resolvers").ResolverResult<{ descripcion: string; product_key: string; product_key_nombre: string; precio: number; tax_included: boolean; taxability: string; taxes: { type: "IVA" | "ISR" |...' is not assignable to type 'import("C:/proyectos/shadcn-admin/node_modules/.pnpm/react-hook-form@7.64.0_react@19.2.0/node_modules/react-hook-form/dist/types/resolvers").ResolverResult<{ descripcion: string; product_key: string; product_key_nombre: string; precio: number; tax_included: boolean; taxability: string; taxes: { type: "IVA" | "ISR" |...'. Two different types with this name exist, but they are unrelated.
          Type 'ResolverSuccess<TFieldValues>' is not assignable to type 'ResolverResult<{ descripcion: string; product_key: string; product_key_nombre: string; precio: number; tax_included: boolean; taxability: string; taxes: { type: "IVA" | "ISR" | "IEPS"; rate: number; withholding: boolean; base: number; factor: "Tasa" | ... 1 more ... | "Exento"; }[]; ... 4 more ...; sku?: string | un...'.
            Type 'ResolverSuccess<TFieldValues>' is not assignable to type 'ResolverSuccess<{ descripcion: string; product_key: string; product_key_nombre: string; precio: number; tax_included: boolean; taxability: string; taxes: { type: "IVA" | "ISR" | "IEPS"; rate: number; withholding: boolean; base: number; factor: "Tasa" | ... 1 more ... | "Exento"; }[]; ... 4 more ...; sku?: string | u...'.
              Type 'TFieldValues' is not assignable to type '{ descripcion: string; product_key: string; product_key_nombre: string; precio: number; tax_included: boolean; taxability: string; taxes: { type: "IVA" | "ISR" | "IEPS"; rate: number; withholding: boolean; base: number; factor: "Tasa" | ... 1 more ... | "Exento"; }[]; ... 4 more ...; sku?: string | undefined; }'.
                Type 'FieldValues' is missing the following properties from type '{ descripcion: string; product_key: string; product_key_nombre: string; precio: number; tax_included: boolean; taxability: string; taxes: { type: "IVA" | "ISR" | "IEPS"; rate: number; withholding: boolean; base: number; factor: "Tasa" | ... 1 more ... | "Exento"; }[]; ... 4 more ...; sku?: string | undefined; }': descripcion, product_key, product_key_nombre, precio, and 7 more.
src/features/products/components/products-form.tsx(453,45): error TS2719: Type 'import("C:/proyectos/shadcn-admin/node_modules/.pnpm/react-hook-form@7.64.0_react@19.2.0/node_modules/react-hook-form/dist/types/form").Control<{ descripcion: string; product_key: string; product_key_nombre: string; precio: number; tax_included: boolean; taxability: string; taxes: { type: "IVA" | "ISR" | "IEPS"; rat...' is not assignable to type 'import("C:/proyectos/shadcn-admin/node_modules/.pnpm/react-hook-form@7.64.0_react@19.2.0/node_modules/react-hook-form/dist/types/form").Control<{ descripcion: string; product_key: string; product_key_nombre: string; precio: number; tax_included: boolean; taxability: string; taxes: { type: "IVA" | "ISR" | "IEPS"; rat...'. Two different types with this name exist, but they are unrelated.
  The types of '_options.resolver' are incompatible between these types.
    Type 'import("C:/proyectos/shadcn-admin/node_modules/.pnpm/react-hook-form@7.64.0_react@19.2.0/node_modules/react-hook-form/dist/types/resolvers").Resolver<{ descripcion: string; product_key: string; product_key_nombre: string; precio: number; tax_included: boolean; taxability: string; taxes: { type: "IVA" | "ISR" | "IEPS...' is not assignable to type 'import("C:/proyectos/shadcn-admin/node_modules/.pnpm/react-hook-form@7.64.0_react@19.2.0/node_modules/react-hook-form/dist/types/resolvers").Resolver<{ descripcion: string; product_key: string; product_key_nombre: string; precio: number; tax_included: boolean; taxability: string; taxes: { type: "IVA" | "ISR" | "IEPS...'. Two different types with this name exist, but they are unrelated.
      Type 'import("C:/proyectos/shadcn-admin/node_modules/.pnpm/react-hook-form@7.64.0_react@19.2.0/node_modules/react-hook-form/dist/types/resolvers").Resolver<{ descripcion: string; product_key: string; product_key_nombre: string; precio: number; tax_included: boolean; taxability: string; taxes: { type: "IVA" | "ISR" | "IEPS...' is not assignable to type 'import("C:/proyectos/shadcn-admin/node_modules/.pnpm/react-hook-form@7.64.0_react@19.2.0/node_modules/react-hook-form/dist/types/resolvers").Resolver<{ descripcion: string; product_key: string; product_key_nombre: string; precio: number; tax_included: boolean; taxability: string; taxes: { type: "IVA" | "ISR" | "IEPS...'. Two different types with this name exist, but they are unrelated.
        Type 'import("C:/proyectos/shadcn-admin/node_modules/.pnpm/react-hook-form@7.64.0_react@19.2.0/node_modules/react-hook-form/dist/types/resolvers").ResolverResult<{ descripcion: string; product_key: string; product_key_nombre: string; precio: number; tax_included: boolean; taxability: string; taxes: { type: "IVA" | "ISR" |...' is not assignable to type 'import("C:/proyectos/shadcn-admin/node_modules/.pnpm/react-hook-form@7.64.0_react@19.2.0/node_modules/react-hook-form/dist/types/resolvers").ResolverResult<{ descripcion: string; product_key: string; product_key_nombre: string; precio: number; tax_included: boolean; taxability: string; taxes: { type: "IVA" | "ISR" |...'. Two different types with this name exist, but they are unrelated.
          Type 'ResolverSuccess<TFieldValues>' is not assignable to type 'ResolverResult<{ descripcion: string; product_key: string; product_key_nombre: string; precio: number; tax_included: boolean; taxability: string; taxes: { type: "IVA" | "ISR" | "IEPS"; rate: number; withholding: boolean; base: number; factor: "Tasa" | ... 1 more ... | "Exento"; }[]; ... 4 more ...; sku?: string | un...'.
            Type 'ResolverSuccess<TFieldValues>' is not assignable to type 'ResolverSuccess<{ descripcion: string; product_key: string; product_key_nombre: string; precio: number; tax_included: boolean; taxability: string; taxes: { type: "IVA" | "ISR" | "IEPS"; rate: number; withholding: boolean; base: number; factor: "Tasa" | ... 1 more ... | "Exento"; }[]; ... 4 more ...; sku?: string | u...'.
              Type 'TFieldValues' is not assignable to type '{ descripcion: string; product_key: string; product_key_nombre: string; precio: number; tax_included: boolean; taxability: string; taxes: { type: "IVA" | "ISR" | "IEPS"; rate: number; withholding: boolean; base: number; factor: "Tasa" | ... 1 more ... | "Exento"; }[]; ... 4 more ...; sku?: string | undefined; }'.
                Type 'FieldValues' is missing the following properties from type '{ descripcion: string; product_key: string; product_key_nombre: string; precio: number; tax_included: boolean; taxability: string; taxes: { type: "IVA" | "ISR" | "IEPS"; rate: number; withholding: boolean; base: number; factor: "Tasa" | ... 1 more ... | "Exento"; }[]; ... 4 more ...; sku?: string | undefined; }': descripcion, product_key, product_key_nombre, precio, and 7 more.
src/features/products/components/products-form.tsx(503,29): error TS2719: Type 'import("C:/proyectos/shadcn-admin/node_modules/.pnpm/react-hook-form@7.64.0_react@19.2.0/node_modules/react-hook-form/dist/types/form").Control<{ descripcion: string; product_key: string; product_key_nombre: string; precio: number; tax_included: boolean; taxability: string; taxes: { type: "IVA" | "ISR" | "IEPS"; rat...' is not assignable to type 'import("C:/proyectos/shadcn-admin/node_modules/.pnpm/react-hook-form@7.64.0_react@19.2.0/node_modules/react-hook-form/dist/types/form").Control<{ descripcion: string; product_key: string; product_key_nombre: string; precio: number; tax_included: boolean; taxability: string; taxes: { type: "IVA" | "ISR" | "IEPS"; rat...'. Two different types with this name exist, but they are unrelated.
  The types of '_options.resolver' are incompatible between these types.
    Type 'import("C:/proyectos/shadcn-admin/node_modules/.pnpm/react-hook-form@7.64.0_react@19.2.0/node_modules/react-hook-form/dist/types/resolvers").Resolver<{ descripcion: string; product_key: string; product_key_nombre: string; precio: number; tax_included: boolean; taxability: string; taxes: { type: "IVA" | "ISR" | "IEPS...' is not assignable to type 'import("C:/proyectos/shadcn-admin/node_modules/.pnpm/react-hook-form@7.64.0_react@19.2.0/node_modules/react-hook-form/dist/types/resolvers").Resolver<{ descripcion: string; product_key: string; product_key_nombre: string; precio: number; tax_included: boolean; taxability: string; taxes: { type: "IVA" | "ISR" | "IEPS...'. Two different types with this name exist, but they are unrelated.
      Type 'import("C:/proyectos/shadcn-admin/node_modules/.pnpm/react-hook-form@7.64.0_react@19.2.0/node_modules/react-hook-form/dist/types/resolvers").Resolver<{ descripcion: string; product_key: string; product_key_nombre: string; precio: number; tax_included: boolean; taxability: string; taxes: { type: "IVA" | "ISR" | "IEPS...' is not assignable to type 'import("C:/proyectos/shadcn-admin/node_modules/.pnpm/react-hook-form@7.64.0_react@19.2.0/node_modules/react-hook-form/dist/types/resolvers").Resolver<{ descripcion: string; product_key: string; product_key_nombre: string; precio: number; tax_included: boolean; taxability: string; taxes: { type: "IVA" | "ISR" | "IEPS...'. Two different types with this name exist, but they are unrelated.
        Type 'import("C:/proyectos/shadcn-admin/node_modules/.pnpm/react-hook-form@7.64.0_react@19.2.0/node_modules/react-hook-form/dist/types/resolvers").ResolverResult<{ descripcion: string; product_key: string; product_key_nombre: string; precio: number; tax_included: boolean; taxability: string; taxes: { type: "IVA" | "ISR" |...' is not assignable to type 'import("C:/proyectos/shadcn-admin/node_modules/.pnpm/react-hook-form@7.64.0_react@19.2.0/node_modules/react-hook-form/dist/types/resolvers").ResolverResult<{ descripcion: string; product_key: string; product_key_nombre: string; precio: number; tax_included: boolean; taxability: string; taxes: { type: "IVA" | "ISR" |...'. Two different types with this name exist, but they are unrelated.
          Type 'ResolverSuccess<TFieldValues>' is not assignable to type 'ResolverResult<{ descripcion: string; product_key: string; product_key_nombre: string; precio: number; tax_included: boolean; taxability: string; taxes: { type: "IVA" | "ISR" | "IEPS"; rate: number; withholding: boolean; base: number; factor: "Tasa" | ... 1 more ... | "Exento"; }[]; ... 4 more ...; sku?: string | un...'.
            Type 'ResolverSuccess<TFieldValues>' is not assignable to type 'ResolverSuccess<{ descripcion: string; product_key: string; product_key_nombre: string; precio: number; tax_included: boolean; taxability: string; taxes: { type: "IVA" | "ISR" | "IEPS"; rate: number; withholding: boolean; base: number; factor: "Tasa" | ... 1 more ... | "Exento"; }[]; ... 4 more ...; sku?: string | u...'.
              Type 'TFieldValues' is not assignable to type '{ descripcion: string; product_key: string; product_key_nombre: string; precio: number; tax_included: boolean; taxability: string; taxes: { type: "IVA" | "ISR" | "IEPS"; rate: number; withholding: boolean; base: number; factor: "Tasa" | ... 1 more ... | "Exento"; }[]; ... 4 more ...; sku?: string | undefined; }'.
                Type 'FieldValues' is missing the following properties from type '{ descripcion: string; product_key: string; product_key_nombre: string; precio: number; tax_included: boolean; taxability: string; taxes: { type: "IVA" | "ISR" | "IEPS"; rate: number; withholding: boolean; base: number; factor: "Tasa" | ... 1 more ... | "Exento"; }[]; ... 4 more ...; sku?: string | undefined; }': descripcion, product_key, product_key_nombre, precio, and 7 more.
ÔÇëELIFECYCLEÔÇë Command failed with exit code 2.
