node_modules/.pnpm/@tanstack+query-core@5.90.2/node_modules/@tanstack/query-core/build/legacy/focusManager.d.ts(6,5): error TS18028: Private identifiers are only available when targeting ECMAScript 2015 and higher.
node_modules/.pnpm/@tanstack+query-core@5.90.2/node_modules/@tanstack/query-core/build/legacy/hydration-B0J2Tmyo.d.ts(9,5): error TS18028: Private identifiers are only available when targeting ECMAScript 2015 and higher.
node_modules/.pnpm/@tanstack+query-core@5.90.2/node_modules/@tanstack/query-core/build/legacy/hydration-B0J2Tmyo.d.ts(115,5): error TS18028: Private identifiers are only available when targeting ECMAScript 2015 and higher.
node_modules/.pnpm/@tanstack+query-core@5.90.2/node_modules/@tanstack/query-core/build/legacy/hydration-B0J2Tmyo.d.ts(156,5): error TS18028: Private identifiers are only available when targeting ECMAScript 2015 and higher.
node_modules/.pnpm/@tanstack+query-core@5.90.2/node_modules/@tanstack/query-core/build/legacy/hydration-B0J2Tmyo.d.ts(205,5): error TS18028: Private identifiers are only available when targeting ECMAScript 2015 and higher.
node_modules/.pnpm/@tanstack+query-core@5.90.2/node_modules/@tanstack/query-core/build/legacy/hydration-B0J2Tmyo.d.ts(266,5): error TS18028: Private identifiers are only available when targeting ECMAScript 2015 and higher.
node_modules/.pnpm/@tanstack+query-core@5.90.2/node_modules/@tanstack/query-core/build/legacy/hydration-B0J2Tmyo.d.ts(419,5): error TS18028: Private identifiers are only available when targeting ECMAScript 2015 and higher.
node_modules/.pnpm/@tanstack+query-core@5.90.2/node_modules/@tanstack/query-core/build/legacy/hydration-B0J2Tmyo.d.ts(436,5): error TS18028: Private identifiers are only available when targeting ECMAScript 2015 and higher.
node_modules/.pnpm/@tanstack+query-core@5.90.2/node_modules/@tanstack/query-core/build/legacy/onlineManager.d.ts(6,5): error TS18028: Private identifiers are only available when targeting ECMAScript 2015 and higher.
node_modules/.pnpm/@tanstack+query-core@5.90.2/node_modules/@tanstack/query-core/build/legacy/queriesObserver.d.ts(11,5): error TS18028: Private identifiers are only available when targeting ECMAScript 2015 and higher.
node_modules/.pnpm/@tanstack+query-core@5.90.2/node_modules/@tanstack/query-core/build/legacy/removable.d.ts(2,5): error TS18028: Private identifiers are only available when targeting ECMAScript 2015 and higher.
node_modules/.pnpm/@tanstack+query-core@5.90.2/node_modules/@tanstack/query-core/build/legacy/timeoutManager.d.ts(41,5): error TS18028: Private identifiers are only available when targeting ECMAScript 2015 and higher.
node_modules/.pnpm/react-hook-form@7.64.0_react@19.2.0/node_modules/react-hook-form/dist/form.d.ts(1,8): error TS1259: Module '"C:/proyectos/shadcn-admin/node_modules/.pnpm/@types+react@19.2.2/node_modules/@types/react/index"' can only be default-imported using the 'esModuleInterop' flag
node_modules/.pnpm/react-hook-form@7.64.0_react@19.2.0/node_modules/react-hook-form/dist/types/controller.d.ts(1,13): error TS1259: Module '"C:/proyectos/shadcn-admin/node_modules/.pnpm/@types+react@19.2.2/node_modules/@types/react/index"' can only be default-imported using the 'esModuleInterop' flag
node_modules/.pnpm/react-hook-form@7.64.0_react@19.2.0/node_modules/react-hook-form/dist/types/form.d.ts(1,13): error TS1259: Module '"C:/proyectos/shadcn-admin/node_modules/.pnpm/@types+react@19.2.2/node_modules/@types/react/index"' can only be default-imported using the 'esModuleInterop' flag
node_modules/.pnpm/react-hook-form@7.64.0_react@19.2.0/node_modules/react-hook-form/dist/useFormContext.d.ts(1,8): error TS1259: Module '"C:/proyectos/shadcn-admin/node_modules/.pnpm/@types+react@19.2.2/node_modules/@types/react/index"' can only be default-imported using the 'esModuleInterop' flag
node_modules/.pnpm/sonner@2.0.7_react-dom@19.2.0_react@19.2.0__react@19.2.0/node_modules/sonner/dist/index.d.ts(1,8): error TS1259: Module '"C:/proyectos/shadcn-admin/node_modules/.pnpm/@types+react@19.2.2/node_modules/@types/react/index"' can only be default-imported using the 'esModuleInterop' flag
node_modules/.pnpm/zod@4.1.12/node_modules/zod/v3/errors.d.cts(2,8): error TS1259: Module '"C:/proyectos/shadcn-admin/node_modules/.pnpm/zod@4.1.12/node_modules/zod/v3/locales/en"' can only be default-imported using the 'esModuleInterop' flag
node_modules/.pnpm/zod@4.1.12/node_modules/zod/v4/locales/index.d.cts(1,21): error TS1259: Module '"C:/proyectos/shadcn-admin/node_modules/.pnpm/zod@4.1.12/node_modules/zod/v4/locales/ar"' can only be default-imported using the 'esModuleInterop' flag
node_modules/.pnpm/zod@4.1.12/node_modules/zod/v4/locales/index.d.cts(2,21): error TS1259: Module '"C:/proyectos/shadcn-admin/node_modules/.pnpm/zod@4.1.12/node_modules/zod/v4/locales/az"' can only be default-imported using the 'esModuleInterop' flag
node_modules/.pnpm/zod@4.1.12/node_modules/zod/v4/locales/index.d.cts(3,21): error TS1259: Module '"C:/proyectos/shadcn-admin/node_modules/.pnpm/zod@4.1.12/node_modules/zod/v4/locales/be"' can only be default-imported using the 'esModuleInterop' flag
node_modules/.pnpm/zod@4.1.12/node_modules/zod/v4/locales/index.d.cts(5,21): error TS1259: Module '"C:/proyectos/shadcn-admin/node_modules/.pnpm/zod@4.1.12/node_modules/zod/v4/locales/ca"' can only be default-imported using the 'esModuleInterop' flag
node_modules/.pnpm/zod@4.1.12/node_modules/zod/v4/locales/index.d.cts(6,21): error TS1259: Module '"C:/proyectos/shadcn-admin/node_modules/.pnpm/zod@4.1.12/node_modules/zod/v4/locales/cs"' can only be default-imported using the 'esModuleInterop' flag
node_modules/.pnpm/zod@4.1.12/node_modules/zod/v4/locales/index.d.cts(7,21): error TS1259: Module '"C:/proyectos/shadcn-admin/node_modules/.pnpm/zod@4.1.12/node_modules/zod/v4/locales/da"' can only be default-imported using the 'esModuleInterop' flag
node_modules/.pnpm/zod@4.1.12/node_modules/zod/v4/locales/index.d.cts(8,21): error TS1259: Module '"C:/proyectos/shadcn-admin/node_modules/.pnpm/zod@4.1.12/node_modules/zod/v4/locales/de"' can only be default-imported using the 'esModuleInterop' flag
node_modules/.pnpm/zod@4.1.12/node_modules/zod/v4/locales/index.d.cts(11,21): error TS1259: Module '"C:/proyectos/shadcn-admin/node_modules/.pnpm/zod@4.1.12/node_modules/zod/v4/locales/es"' can only be default-imported using the 'esModuleInterop' flag
node_modules/.pnpm/zod@4.1.12/node_modules/zod/v4/locales/index.d.cts(12,21): error TS1259: Module '"C:/proyectos/shadcn-admin/node_modules/.pnpm/zod@4.1.12/node_modules/zod/v4/locales/fa"' can only be default-imported using the 'esModuleInterop' flag
node_modules/.pnpm/zod@4.1.12/node_modules/zod/v4/locales/index.d.cts(13,21): error TS1259: Module '"C:/proyectos/shadcn-admin/node_modules/.pnpm/zod@4.1.12/node_modules/zod/v4/locales/fi"' can only be default-imported using the 'esModuleInterop' flag
node_modules/.pnpm/zod@4.1.12/node_modules/zod/v4/locales/index.d.cts(14,21): error TS1259: Module '"C:/proyectos/shadcn-admin/node_modules/.pnpm/zod@4.1.12/node_modules/zod/v4/locales/fr"' can only be default-imported using the 'esModuleInterop' flag
node_modules/.pnpm/zod@4.1.12/node_modules/zod/v4/locales/index.d.cts(15,21): error TS1259: Module '"C:/proyectos/shadcn-admin/node_modules/.pnpm/zod@4.1.12/node_modules/zod/v4/locales/fr-CA"' can only be default-imported using the 'esModuleInterop' flag
node_modules/.pnpm/zod@4.1.12/node_modules/zod/v4/locales/index.d.cts(16,21): error TS1259: Module '"C:/proyectos/shadcn-admin/node_modules/.pnpm/zod@4.1.12/node_modules/zod/v4/locales/he"' can only be default-imported using the 'esModuleInterop' flag
node_modules/.pnpm/zod@4.1.12/node_modules/zod/v4/locales/index.d.cts(17,21): error TS1259: Module '"C:/proyectos/shadcn-admin/node_modules/.pnpm/zod@4.1.12/node_modules/zod/v4/locales/hu"' can only be default-imported using the 'esModuleInterop' flag
node_modules/.pnpm/zod@4.1.12/node_modules/zod/v4/locales/index.d.cts(18,21): error TS1259: Module '"C:/proyectos/shadcn-admin/node_modules/.pnpm/zod@4.1.12/node_modules/zod/v4/locales/id"' can only be default-imported using the 'esModuleInterop' flag
node_modules/.pnpm/zod@4.1.12/node_modules/zod/v4/locales/index.d.cts(20,21): error TS1259: Module '"C:/proyectos/shadcn-admin/node_modules/.pnpm/zod@4.1.12/node_modules/zod/v4/locales/it"' can only be default-imported using the 'esModuleInterop' flag
node_modules/.pnpm/zod@4.1.12/node_modules/zod/v4/locales/index.d.cts(21,21): error TS1259: Module '"C:/proyectos/shadcn-admin/node_modules/.pnpm/zod@4.1.12/node_modules/zod/v4/locales/ja"' can only be default-imported using the 'esModuleInterop' flag
node_modules/.pnpm/zod@4.1.12/node_modules/zod/v4/locales/index.d.cts(23,21): error TS1259: Module '"C:/proyectos/shadcn-admin/node_modules/.pnpm/zod@4.1.12/node_modules/zod/v4/locales/kh"' can only be default-imported using the 'esModuleInterop' flag
node_modules/.pnpm/zod@4.1.12/node_modules/zod/v4/locales/index.d.cts(24,21): error TS1259: Module '"C:/proyectos/shadcn-admin/node_modules/.pnpm/zod@4.1.12/node_modules/zod/v4/locales/km"' can only be default-imported using the 'esModuleInterop' flag
node_modules/.pnpm/zod@4.1.12/node_modules/zod/v4/locales/index.d.cts(25,21): error TS1259: Module '"C:/proyectos/shadcn-admin/node_modules/.pnpm/zod@4.1.12/node_modules/zod/v4/locales/ko"' can only be default-imported using the 'esModuleInterop' flag
node_modules/.pnpm/zod@4.1.12/node_modules/zod/v4/locales/index.d.cts(27,21): error TS1259: Module '"C:/proyectos/shadcn-admin/node_modules/.pnpm/zod@4.1.12/node_modules/zod/v4/locales/mk"' can only be default-imported using the 'esModuleInterop' flag
node_modules/.pnpm/zod@4.1.12/node_modules/zod/v4/locales/index.d.cts(28,21): error TS1259: Module '"C:/proyectos/shadcn-admin/node_modules/.pnpm/zod@4.1.12/node_modules/zod/v4/locales/ms"' can only be default-imported using the 'esModuleInterop' flag
node_modules/.pnpm/zod@4.1.12/node_modules/zod/v4/locales/index.d.cts(29,21): error TS1259: Module '"C:/proyectos/shadcn-admin/node_modules/.pnpm/zod@4.1.12/node_modules/zod/v4/locales/nl"' can only be default-imported using the 'esModuleInterop' flag
node_modules/.pnpm/zod@4.1.12/node_modules/zod/v4/locales/index.d.cts(30,21): error TS1259: Module '"C:/proyectos/shadcn-admin/node_modules/.pnpm/zod@4.1.12/node_modules/zod/v4/locales/no"' can only be default-imported using the 'esModuleInterop' flag
node_modules/.pnpm/zod@4.1.12/node_modules/zod/v4/locales/index.d.cts(31,21): error TS1259: Module '"C:/proyectos/shadcn-admin/node_modules/.pnpm/zod@4.1.12/node_modules/zod/v4/locales/ota"' can only be default-imported using the 'esModuleInterop' flag
node_modules/.pnpm/zod@4.1.12/node_modules/zod/v4/locales/index.d.cts(32,21): error TS1259: Module '"C:/proyectos/shadcn-admin/node_modules/.pnpm/zod@4.1.12/node_modules/zod/v4/locales/ps"' can only be default-imported using the 'esModuleInterop' flag
node_modules/.pnpm/zod@4.1.12/node_modules/zod/v4/locales/index.d.cts(33,21): error TS1259: Module '"C:/proyectos/shadcn-admin/node_modules/.pnpm/zod@4.1.12/node_modules/zod/v4/locales/pl"' can only be default-imported using the 'esModuleInterop' flag
node_modules/.pnpm/zod@4.1.12/node_modules/zod/v4/locales/index.d.cts(34,21): error TS1259: Module '"C:/proyectos/shadcn-admin/node_modules/.pnpm/zod@4.1.12/node_modules/zod/v4/locales/pt"' can only be default-imported using the 'esModuleInterop' flag
node_modules/.pnpm/zod@4.1.12/node_modules/zod/v4/locales/index.d.cts(35,21): error TS1259: Module '"C:/proyectos/shadcn-admin/node_modules/.pnpm/zod@4.1.12/node_modules/zod/v4/locales/ru"' can only be default-imported using the 'esModuleInterop' flag
node_modules/.pnpm/zod@4.1.12/node_modules/zod/v4/locales/index.d.cts(36,21): error TS1259: Module '"C:/proyectos/shadcn-admin/node_modules/.pnpm/zod@4.1.12/node_modules/zod/v4/locales/sl"' can only be default-imported using the 'esModuleInterop' flag
node_modules/.pnpm/zod@4.1.12/node_modules/zod/v4/locales/index.d.cts(37,21): error TS1259: Module '"C:/proyectos/shadcn-admin/node_modules/.pnpm/zod@4.1.12/node_modules/zod/v4/locales/sv"' can only be default-imported using the 'esModuleInterop' flag
node_modules/.pnpm/zod@4.1.12/node_modules/zod/v4/locales/index.d.cts(38,21): error TS1259: Module '"C:/proyectos/shadcn-admin/node_modules/.pnpm/zod@4.1.12/node_modules/zod/v4/locales/ta"' can only be default-imported using the 'esModuleInterop' flag
node_modules/.pnpm/zod@4.1.12/node_modules/zod/v4/locales/index.d.cts(39,21): error TS1259: Module '"C:/proyectos/shadcn-admin/node_modules/.pnpm/zod@4.1.12/node_modules/zod/v4/locales/th"' can only be default-imported using the 'esModuleInterop' flag
node_modules/.pnpm/zod@4.1.12/node_modules/zod/v4/locales/index.d.cts(41,21): error TS1259: Module '"C:/proyectos/shadcn-admin/node_modules/.pnpm/zod@4.1.12/node_modules/zod/v4/locales/ua"' can only be default-imported using the 'esModuleInterop' flag
node_modules/.pnpm/zod@4.1.12/node_modules/zod/v4/locales/index.d.cts(42,21): error TS1259: Module '"C:/proyectos/shadcn-admin/node_modules/.pnpm/zod@4.1.12/node_modules/zod/v4/locales/uk"' can only be default-imported using the 'esModuleInterop' flag
node_modules/.pnpm/zod@4.1.12/node_modules/zod/v4/locales/index.d.cts(43,21): error TS1259: Module '"C:/proyectos/shadcn-admin/node_modules/.pnpm/zod@4.1.12/node_modules/zod/v4/locales/ur"' can only be default-imported using the 'esModuleInterop' flag
node_modules/.pnpm/zod@4.1.12/node_modules/zod/v4/locales/index.d.cts(44,21): error TS1259: Module '"C:/proyectos/shadcn-admin/node_modules/.pnpm/zod@4.1.12/node_modules/zod/v4/locales/vi"' can only be default-imported using the 'esModuleInterop' flag
node_modules/.pnpm/zod@4.1.12/node_modules/zod/v4/locales/index.d.cts(45,21): error TS1259: Module '"C:/proyectos/shadcn-admin/node_modules/.pnpm/zod@4.1.12/node_modules/zod/v4/locales/zh-CN"' can only be default-imported using the 'esModuleInterop' flag
node_modules/.pnpm/zod@4.1.12/node_modules/zod/v4/locales/index.d.cts(46,21): error TS1259: Module '"C:/proyectos/shadcn-admin/node_modules/.pnpm/zod@4.1.12/node_modules/zod/v4/locales/zh-TW"' can only be default-imported using the 'esModuleInterop' flag
node_modules/.pnpm/zod@4.1.12/node_modules/zod/v4/locales/index.d.cts(47,21): error TS1259: Module '"C:/proyectos/shadcn-admin/node_modules/.pnpm/zod@4.1.12/node_modules/zod/v4/locales/yo"' can only be default-imported using the 'esModuleInterop' flag
src/features/invoicing/components/invoice-form-pago.tsx(1,8): error TS1259: Module '"C:/proyectos/shadcn-admin/node_modules/.pnpm/@types+react@19.2.2/node_modules/@types/react/index"' can only be default-imported using the 'esModuleInterop' flag
src/features/invoicing/components/invoice-form-pago.tsx(7,27): error TS2307: Cannot find module '@/components/ui/separator' or its corresponding type declarations.
src/features/invoicing/components/invoice-form-pago.tsx(8,20): error TS2307: Cannot find module '@/lib/utils' or its corresponding type declarations.
src/features/invoicing/components/invoice-form-pago.tsx(10,24): error TS2307: Cannot find module '@/components/ui/button' or its corresponding type declarations.
src/features/invoicing/components/invoice-form-pago.tsx(18,8): error TS2307: Cannot find module '@/components/ui/form' or its corresponding type declarations.
src/features/invoicing/components/invoice-form-pago.tsx(19,23): error TS2307: Cannot find module '@/components/ui/input' or its corresponding type declarations.
src/features/invoicing/components/invoice-form-pago.tsx(20,34): error TS2307: Cannot find module '@/components/combobox-dropdown' or its corresponding type declarations.
src/features/invoicing/components/invoice-form-pago.tsx(21,24): error TS2307: Cannot find module '@/components/ui/switch' or its corresponding type declarations.
src/features/invoicing/components/invoice-form-pago.tsx(22,23): error TS2307: Cannot find module '@/components/ui/label' or its corresponding type declarations.
src/features/invoicing/components/invoice-form-pago.tsx(23,23): error TS2307: Cannot find module '@/components/ui/badge' or its corresponding type declarations.
src/features/invoicing/components/invoice-form-pago.tsx(24,26): error TS2307: Cannot find module '@/components/ui/textarea' or its corresponding type declarations.
src/features/invoicing/components/invoice-form-pago.tsx(32,8): error TS2307: Cannot find module '@/components/ui/table' or its corresponding type declarations.
src/features/invoicing/components/invoice-form-pago.tsx(39,8): error TS2307: Cannot find module '@/components/ui/select' or its corresponding type declarations.
src/features/invoicing/components/invoice-form-pago.tsx(47,8): error TS2307: Cannot find module '@/components/ui/dialog' or its corresponding type declarations.
src/features/invoicing/components/invoice-form-pago.tsx(48,36): error TS2307: Cannot find module '@/stores/work-center-store' or its corresponding type declarations.
src/features/invoicing/components/invoice-form-pago.tsx(49,40): error TS2307: Cannot find module '@/features/clients/data/clients-api' or its corresponding type declarations.
src/features/invoicing/components/invoice-form-pago.tsx(59,33): error TS2307: Cannot find module '@/features/series/data/series-api' or its corresponding type declarations.
src/features/invoicing/components/invoice-form-pago.tsx(60,35): error TS2307: Cannot find module '@/features/clients/components/client-create-modal' or its corresponding type declarations.
src/features/invoicing/components/invoice-form-pago.tsx(61,31): error TS2307: Cannot find module '@/features/work-centers/data/work-centers-api' or its corresponding type declarations.
src/features/invoicing/components/invoice-form-pago.tsx(177,9): error TS2322: Type 'Resolver<{ workCenterId: string; customer_id: string; items: { quantity: unknown; product_id?: string; sku?: string; description?: string; product_key?: string; product_key_nombre?: string; unit_key?: string; unit_name?: string; ... 6 more ...; local_taxes?: { ...; }[]; }[]; ... 28 more ...; status?: "pending" | "dr...' is not assignable to type 'Resolver<{ workCenterId: string; customer_id: string; tipo: "I" | "E" | "P" | "N" | "T"; series: string; date: string; use: string; payment_form: string; payment_method: "PUE" | "PPD"; currency: string; ... 22 more ...; related_uuids?: string[]; }, any, { ...; }>'.
  Types of parameters 'options' and 'options' are incompatible.
    Type 'ResolverOptions<{ workCenterId: string; customer_id: string; tipo: "I" | "E" | "P" | "N" | "T"; series: string; date: string; use: string; payment_form: string; payment_method: "PUE" | "PPD"; currency: string; ... 22 more ...; related_uuids?: string[]; }>' is not assignable to type 'ResolverOptions<{ workCenterId: string; customer_id: string; items: { quantity: unknown; product_id?: string; sku?: string; description?: string; product_key?: string; product_key_nombre?: string; unit_key?: string; unit_name?: string; ... 6 more ...; local_taxes?: { ...; }[]; }[]; ... 28 more ...; status?: "pending...'.
      Types of property 'names' are incompatible.
        Type 'string[]' is not assignable to type '("currency" | "address" | "use" | "status" | "global" | "date" | "items" | "relationship" | "exchange" | "folio_number" | "series" | "payment_form" | "related_documents" | "workCenterId" | ... 17 more ... | "comments")[]'.
          Type 'string' is not assignable to type '"currency" | "address" | "use" | "status" | "global" | "date" | "items" | "relationship" | "exchange" | "folio_number" | "series" | "payment_form" | "related_documents" | "workCenterId" | ... 17 more ... | "comments"'.
src/features/invoicing/components/invoice-form-pago.tsx(491,9): error TS17004: Cannot use JSX unless the '--jsx' flag is provided.
src/features/invoicing/components/invoice-form-pago.tsx(492,13): error TS17004: Cannot use JSX unless the '--jsx' flag is provided.
src/features/invoicing/components/invoice-form-pago.tsx(492,47): error TS2345: Argument of type '(values: CreateInvoiceIngresoPayload) => Promise<void>' is not assignable to parameter of type 'SubmitHandler<TFieldValues>'.
  Types of parameters 'values' and 'data' are incompatible.
    Type 'TFieldValues' is not assignable to type '{ workCenterId: string; customer_id: string; tipo: "I" | "E" | "P" | "N" | "T"; series: string; date: string; use: string; payment_form: string; payment_method: "PUE" | "PPD"; currency: string; ... 22 more ...; related_uuids?: string[]; }'.
      Type 'FieldValues' is missing the following properties from type '{ workCenterId: string; customer_id: string; tipo: "I" | "E" | "P" | "N" | "T"; series: string; date: string; use: string; payment_form: string; payment_method: "PUE" | "PPD"; currency: string; ... 22 more ...; related_uuids?: string[]; }': workCenterId, customer_id, tipo, series, and 12 more.
src/features/invoicing/components/invoice-form-pago.tsx(494,17): error TS17004: Cannot use JSX unless the '--jsx' flag is provided.
src/features/invoicing/components/invoice-form-pago.tsx(495,21): error TS17004: Cannot use JSX unless the '--jsx' flag is provided.
src/features/invoicing/components/invoice-form-pago.tsx(496,25): error TS17004: Cannot use JSX unless the '--jsx' flag is provided.
src/features/invoicing/components/invoice-form-pago.tsx(497,29): error TS17004: Cannot use JSX unless the '--jsx' flag is provided.
src/features/invoicing/components/invoice-form-pago.tsx(500,21): error TS17004: Cannot use JSX unless the '--jsx' flag is provided.
src/features/invoicing/components/invoice-form-pago.tsx(501,25): error TS17004: Cannot use JSX unless the '--jsx' flag is provided.
src/features/invoicing/components/invoice-form-pago.tsx(502,29): error TS17004: Cannot use JSX unless the '--jsx' flag is provided.
src/features/invoicing/components/invoice-form-pago.tsx(503,33): error TS17004: Cannot use JSX unless the '--jsx' flag is provided.
src/features/invoicing/components/invoice-form-pago.tsx(507,41): error TS17004: Cannot use JSX unless the '--jsx' flag is provided.
src/features/invoicing/components/invoice-form-pago.tsx(508,45): error TS17004: Cannot use JSX unless the '--jsx' flag is provided.
src/features/invoicing/components/invoice-form-pago.tsx(509,45): error TS17004: Cannot use JSX unless the '--jsx' flag is provided.
src/features/invoicing/components/invoice-form-pago.tsx(510,49): error TS17004: Cannot use JSX unless the '--jsx' flag is provided.
src/features/invoicing/components/invoice-form-pago.tsx(532,45): error TS17004: Cannot use JSX unless the '--jsx' flag is provided.
src/features/invoicing/components/invoice-form-pago.tsx(538,29): error TS17004: Cannot use JSX unless the '--jsx' flag is provided.
src/features/invoicing/components/invoice-form-pago.tsx(539,33): error TS17004: Cannot use JSX unless the '--jsx' flag is provided.
src/features/invoicing/components/invoice-form-pago.tsx(543,41): error TS17004: Cannot use JSX unless the '--jsx' flag is provided.
src/features/invoicing/components/invoice-form-pago.tsx(544,45): error TS17004: Cannot use JSX unless the '--jsx' flag is provided.
src/features/invoicing/components/invoice-form-pago.tsx(545,45): error TS17004: Cannot use JSX unless the '--jsx' flag is provided.
src/features/invoicing/components/invoice-form-pago.tsx(551,45): error TS17004: Cannot use JSX unless the '--jsx' flag is provided.
src/features/invoicing/components/invoice-form-pago.tsx(558,25): error TS17004: Cannot use JSX unless the '--jsx' flag is provided.
src/features/invoicing/components/invoice-form-pago.tsx(559,29): error TS17004: Cannot use JSX unless the '--jsx' flag is provided.
src/features/invoicing/components/invoice-form-pago.tsx(560,33): error TS17004: Cannot use JSX unless the '--jsx' flag is provided.
src/features/invoicing/components/invoice-form-pago.tsx(564,41): error TS17004: Cannot use JSX unless the '--jsx' flag is provided.
src/features/invoicing/components/invoice-form-pago.tsx(565,45): error TS17004: Cannot use JSX unless the '--jsx' flag is provided.
src/features/invoicing/components/invoice-form-pago.tsx(566,45): error TS17004: Cannot use JSX unless the '--jsx' flag is provided.
src/features/invoicing/components/invoice-form-pago.tsx(573,45): error TS17004: Cannot use JSX unless the '--jsx' flag is provided.
src/features/invoicing/components/invoice-form-pago.tsx(579,29): error TS17004: Cannot use JSX unless the '--jsx' flag is provided.
src/features/invoicing/components/invoice-form-pago.tsx(580,33): error TS17004: Cannot use JSX unless the '--jsx' flag is provided.
src/features/invoicing/components/invoice-form-pago.tsx(584,41): error TS17004: Cannot use JSX unless the '--jsx' flag is provided.
src/features/invoicing/components/invoice-form-pago.tsx(585,45): error TS17004: Cannot use JSX unless the '--jsx' flag is provided.
src/features/invoicing/components/invoice-form-pago.tsx(586,45): error TS17004: Cannot use JSX unless the '--jsx' flag is provided.
src/features/invoicing/components/invoice-form-pago.tsx(592,45): error TS17004: Cannot use JSX unless the '--jsx' flag is provided.
src/features/invoicing/components/invoice-form-pago.tsx(599,25): error TS17004: Cannot use JSX unless the '--jsx' flag is provided.
src/features/invoicing/components/invoice-form-pago.tsx(600,29): error TS17004: Cannot use JSX unless the '--jsx' flag is provided.
src/features/invoicing/components/invoice-form-pago.tsx(601,33): error TS17004: Cannot use JSX unless the '--jsx' flag is provided.
src/features/invoicing/components/invoice-form-pago.tsx(603,29): error TS17004: Cannot use JSX unless the '--jsx' flag is provided.
src/features/invoicing/components/invoice-form-pago.tsx(604,33): error TS17004: Cannot use JSX unless the '--jsx' flag is provided.
src/features/invoicing/components/invoice-form-pago.tsx(608,41): error TS17004: Cannot use JSX unless the '--jsx' flag is provided.
src/features/invoicing/components/invoice-form-pago.tsx(609,45): error TS17004: Cannot use JSX unless the '--jsx' flag is provided.
src/features/invoicing/components/invoice-form-pago.tsx(610,45): error TS17004: Cannot use JSX unless the '--jsx' flag is provided.
src/features/invoicing/components/invoice-form-pago.tsx(623,33): error TS17004: Cannot use JSX unless the '--jsx' flag is provided.
src/features/invoicing/components/invoice-form-pago.tsx(624,37): error TS17004: Cannot use JSX unless the '--jsx' flag is provided.
src/features/invoicing/components/invoice-form-pago.tsx(625,37): error TS17004: Cannot use JSX unless the '--jsx' flag is provided.
src/features/invoicing/components/invoice-form-pago.tsx(626,41): error TS17004: Cannot use JSX unless the '--jsx' flag is provided.
src/features/invoicing/components/invoice-form-pago.tsx(647,17): error TS17004: Cannot use JSX unless the '--jsx' flag is provided.
src/features/invoicing/components/invoice-form-pago.tsx(648,21): error TS17004: Cannot use JSX unless the '--jsx' flag is provided.
src/features/invoicing/components/invoice-form-pago.tsx(649,25): error TS17004: Cannot use JSX unless the '--jsx' flag is provided.
src/features/invoicing/components/invoice-form-pago.tsx(650,25): error TS17004: Cannot use JSX unless the '--jsx' flag is provided.
src/features/invoicing/components/invoice-form-pago.tsx(651,29): error TS17004: Cannot use JSX unless the '--jsx' flag is provided.
src/features/invoicing/components/invoice-form-pago.tsx(652,33): error TS17004: Cannot use JSX unless the '--jsx' flag is provided.
src/features/invoicing/components/invoice-form-pago.tsx(653,33): error TS17004: Cannot use JSX unless the '--jsx' flag is provided.
src/features/invoicing/components/invoice-form-pago.tsx(655,29): error TS17004: Cannot use JSX unless the '--jsx' flag is provided.
src/features/invoicing/components/invoice-form-pago.tsx(656,33): error TS17004: Cannot use JSX unless the '--jsx' flag is provided.
src/features/invoicing/components/invoice-form-pago.tsx(657,33): error TS17004: Cannot use JSX unless the '--jsx' flag is provided.
src/features/invoicing/components/invoice-form-pago.tsx(662,21): error TS17004: Cannot use JSX unless the '--jsx' flag is provided.
src/features/invoicing/components/invoice-form-pago.tsx(664,29): error TS17004: Cannot use JSX unless the '--jsx' flag is provided.
src/features/invoicing/components/invoice-form-pago.tsx(665,33): error TS17004: Cannot use JSX unless the '--jsx' flag is provided.
src/features/invoicing/components/invoice-form-pago.tsx(666,37): error TS17004: Cannot use JSX unless the '--jsx' flag is provided.
src/features/invoicing/components/invoice-form-pago.tsx(668,33): error TS17004: Cannot use JSX unless the '--jsx' flag is provided.
src/features/invoicing/components/invoice-form-pago.tsx(669,37): error TS17004: Cannot use JSX unless the '--jsx' flag is provided.
src/features/invoicing/components/invoice-form-pago.tsx(673,45): error TS17004: Cannot use JSX unless the '--jsx' flag is provided.
src/features/invoicing/components/invoice-form-pago.tsx(674,49): error TS17004: Cannot use JSX unless the '--jsx' flag is provided.
src/features/invoicing/components/invoice-form-pago.tsx(675,49): error TS17004: Cannot use JSX unless the '--jsx' flag is provided.
src/features/invoicing/components/invoice-form-pago.tsx(683,37): error TS17004: Cannot use JSX unless the '--jsx' flag is provided.
src/features/invoicing/components/invoice-form-pago.tsx(687,45): error TS17004: Cannot use JSX unless the '--jsx' flag is provided.
src/features/invoicing/components/invoice-form-pago.tsx(688,49): error TS17004: Cannot use JSX unless the '--jsx' flag is provided.
src/features/invoicing/components/invoice-form-pago.tsx(689,49): error TS17004: Cannot use JSX unless the '--jsx' flag is provided.
src/features/invoicing/components/invoice-form-pago.tsx(697,37): error TS17004: Cannot use JSX unless the '--jsx' flag is provided.
src/features/invoicing/components/invoice-form-pago.tsx(701,45): error TS17004: Cannot use JSX unless the '--jsx' flag is provided.
src/features/invoicing/components/invoice-form-pago.tsx(702,49): error TS17004: Cannot use JSX unless the '--jsx' flag is provided.
src/features/invoicing/components/invoice-form-pago.tsx(703,49): error TS17004: Cannot use JSX unless the '--jsx' flag is provided.
src/features/invoicing/components/invoice-form-pago.tsx(712,29): error TS17004: Cannot use JSX unless the '--jsx' flag is provided.
src/features/invoicing/components/invoice-form-pago.tsx(713,33): error TS17004: Cannot use JSX unless the '--jsx' flag is provided.
src/features/invoicing/components/invoice-form-pago.tsx(714,37): error TS17004: Cannot use JSX unless the '--jsx' flag is provided.
src/features/invoicing/components/invoice-form-pago.tsx(715,37): error TS17004: Cannot use JSX unless the '--jsx' flag is provided.
src/features/invoicing/components/invoice-form-pago.tsx(722,41): error TS17004: Cannot use JSX unless the '--jsx' flag is provided.
src/features/invoicing/components/invoice-form-pago.tsx(727,37): error TS17004: Cannot use JSX unless the '--jsx' flag is provided.
src/features/invoicing/components/invoice-form-pago.tsx(728,41): error TS17004: Cannot use JSX unless the '--jsx' flag is provided.
src/features/invoicing/components/invoice-form-pago.tsx(729,45): error TS17004: Cannot use JSX unless the '--jsx' flag is provided.
src/features/invoicing/components/invoice-form-pago.tsx(730,49): error TS17004: Cannot use JSX unless the '--jsx' flag is provided.
src/features/invoicing/components/invoice-form-pago.tsx(731,49): error TS17004: Cannot use JSX unless the '--jsx' flag is provided.
src/features/invoicing/components/invoice-form-pago.tsx(734,41): error TS17004: Cannot use JSX unless the '--jsx' flag is provided.
src/features/invoicing/components/invoice-form-pago.tsx(735,45): error TS17004: Cannot use JSX unless the '--jsx' flag is provided.
src/features/invoicing/components/invoice-form-pago.tsx(739,53): error TS17004: Cannot use JSX unless the '--jsx' flag is provided.
src/features/invoicing/components/invoice-form-pago.tsx(740,57): error TS17004: Cannot use JSX unless the '--jsx' flag is provided.
src/features/invoicing/components/invoice-form-pago.tsx(741,57): error TS17004: Cannot use JSX unless the '--jsx' flag is provided.
src/features/invoicing/components/invoice-form-pago.tsx(751,41): error TS17004: Cannot use JSX unless the '--jsx' flag is provided.
src/features/invoicing/components/invoice-form-pago.tsx(752,45): error TS17004: Cannot use JSX unless the '--jsx' flag is provided.
src/features/invoicing/components/invoice-form-pago.tsx(756,53): error TS17004: Cannot use JSX unless the '--jsx' flag is provided.
src/features/invoicing/components/invoice-form-pago.tsx(757,57): error TS17004: Cannot use JSX unless the '--jsx' flag is provided.
src/features/invoicing/components/invoice-form-pago.tsx(758,57): error TS17004: Cannot use JSX unless the '--jsx' flag is provided.
src/features/invoicing/components/invoice-form-pago.tsx(762,45): error TS17004: Cannot use JSX unless the '--jsx' flag is provided.
src/features/invoicing/components/invoice-form-pago.tsx(769,49): error TS17004: Cannot use JSX unless the '--jsx' flag is provided.
src/features/invoicing/components/invoice-form-pago.tsx(775,37): error TS17004: Cannot use JSX unless the '--jsx' flag is provided.
src/features/invoicing/components/invoice-form-pago.tsx(776,41): error TS17004: Cannot use JSX unless the '--jsx' flag is provided.
src/features/invoicing/components/invoice-form-pago.tsx(784,17): error TS17004: Cannot use JSX unless the '--jsx' flag is provided.
src/features/invoicing/components/invoice-form-pago.tsx(787,17): error TS17004: Cannot use JSX unless the '--jsx' flag is provided.
src/features/invoicing/components/invoice-form-pago.tsx(788,21): error TS17004: Cannot use JSX unless the '--jsx' flag is provided.
src/features/invoicing/components/invoice-form-pago.tsx(789,25): error TS17004: Cannot use JSX unless the '--jsx' flag is provided.
src/features/invoicing/components/invoice-form-pago.tsx(790,29): error TS17004: Cannot use JSX unless the '--jsx' flag is provided.
src/features/invoicing/components/invoice-form-pago.tsx(791,29): error TS17004: Cannot use JSX unless the '--jsx' flag is provided.
src/features/invoicing/components/invoice-form-pago.tsx(793,25): error TS17004: Cannot use JSX unless the '--jsx' flag is provided.
src/features/invoicing/components/invoice-form-pago.tsx(796,25): error TS17004: Cannot use JSX unless the '--jsx' flag is provided.
src/features/invoicing/components/invoice-form-pago.tsx(797,29): error TS17004: Cannot use JSX unless the '--jsx' flag is provided.
src/features/invoicing/components/invoice-form-pago.tsx(798,33): error TS17004: Cannot use JSX unless the '--jsx' flag is provided.
src/features/invoicing/components/invoice-form-pago.tsx(798,43): error TS17004: Cannot use JSX unless the '--jsx' flag is provided.
src/features/invoicing/components/invoice-form-pago.tsx(798,113): error TS17004: Cannot use JSX unless the '--jsx' flag is provided.
src/features/invoicing/components/invoice-form-pago.tsx(800,29): error TS17004: Cannot use JSX unless the '--jsx' flag is provided.
src/features/invoicing/components/invoice-form-pago.tsx(801,33): error TS17004: Cannot use JSX unless the '--jsx' flag is provided.
src/features/invoicing/components/invoice-form-pago.tsx(801,43): error TS17004: Cannot use JSX unless the '--jsx' flag is provided.
src/features/invoicing/components/invoice-form-pago.tsx(801,114): error TS17004: Cannot use JSX unless the '--jsx' flag is provided.
src/features/invoicing/components/invoice-form-pago.tsx(803,29): error TS17004: Cannot use JSX unless the '--jsx' flag is provided.
src/features/invoicing/components/invoice-form-pago.tsx(804,33): error TS17004: Cannot use JSX unless the '--jsx' flag is provided.
src/features/invoicing/components/invoice-form-pago.tsx(805,37): error TS17004: Cannot use JSX unless the '--jsx' flag is provided.
src/features/invoicing/components/invoice-form-pago.tsx(805,47): error TS17004: Cannot use JSX unless the '--jsx' flag is provided.
src/features/invoicing/components/invoice-form-pago.tsx(805,116): error TS17004: Cannot use JSX unless the '--jsx' flag is provided.
src/features/invoicing/components/invoice-form-pago.tsx(807,33): error TS17004: Cannot use JSX unless the '--jsx' flag is provided.
src/features/invoicing/components/invoice-form-pago.tsx(808,37): error TS17004: Cannot use JSX unless the '--jsx' flag is provided.
src/features/invoicing/components/invoice-form-pago.tsx(808,47): error TS17004: Cannot use JSX unless the '--jsx' flag is provided.
src/features/invoicing/components/invoice-form-pago.tsx(808,116): error TS17004: Cannot use JSX unless the '--jsx' flag is provided.
src/features/invoicing/components/invoice-form-pago.tsx(811,29): error TS17004: Cannot use JSX unless the '--jsx' flag is provided.
src/features/invoicing/components/invoice-form-pago.tsx(812,33): error TS17004: Cannot use JSX unless the '--jsx' flag is provided.
src/features/invoicing/components/invoice-form-pago.tsx(812,43): error TS17004: Cannot use JSX unless the '--jsx' flag is provided.
src/features/invoicing/components/invoice-form-pago.tsx(812,116): error TS17004: Cannot use JSX unless the '--jsx' flag is provided.
src/features/invoicing/components/invoice-form-pago.tsx(814,29): error TS17004: Cannot use JSX unless the '--jsx' flag is provided.
src/features/invoicing/components/invoice-form-pago.tsx(815,33): error TS17004: Cannot use JSX unless the '--jsx' flag is provided.
src/features/invoicing/components/invoice-form-pago.tsx(815,43): error TS17004: Cannot use JSX unless the '--jsx' flag is provided.
src/features/invoicing/components/invoice-form-pago.tsx(815,115): error TS17004: Cannot use JSX unless the '--jsx' flag is provided.
src/features/invoicing/components/invoice-form-pago.tsx(817,29): error TS17004: Cannot use JSX unless the '--jsx' flag is provided.
src/features/invoicing/components/invoice-form-pago.tsx(818,33): error TS17004: Cannot use JSX unless the '--jsx' flag is provided.
src/features/invoicing/components/invoice-form-pago.tsx(818,43): error TS17004: Cannot use JSX unless the '--jsx' flag is provided.
src/features/invoicing/components/invoice-form-pago.tsx(818,115): error TS17004: Cannot use JSX unless the '--jsx' flag is provided.
src/features/invoicing/components/invoice-form-pago.tsx(826,17): error TS17004: Cannot use JSX unless the '--jsx' flag is provided.
src/features/invoicing/components/invoice-form-pago.tsx(827,21): error TS17004: Cannot use JSX unless the '--jsx' flag is provided.
src/features/invoicing/components/invoice-form-pago.tsx(828,25): error TS17004: Cannot use JSX unless the '--jsx' flag is provided.
src/features/invoicing/components/invoice-form-pago.tsx(828,35): error TS17004: Cannot use JSX unless the '--jsx' flag is provided.
src/features/invoicing/components/invoice-form-pago.tsx(828,146): error TS17004: Cannot use JSX unless the '--jsx' flag is provided.
src/features/invoicing/components/invoice-form-pago.tsx(830,21): error TS17004: Cannot use JSX unless the '--jsx' flag is provided.
src/features/invoicing/components/invoice-form-pago.tsx(831,25): error TS17004: Cannot use JSX unless the '--jsx' flag is provided.
src/features/invoicing/components/invoice-form-pago.tsx(831,35): error TS17004: Cannot use JSX unless the '--jsx' flag is provided.
src/features/invoicing/components/invoice-form-pago.tsx(831,156): error TS17004: Cannot use JSX unless the '--jsx' flag is provided.
src/features/invoicing/components/invoice-form-pago.tsx(837,17): error TS17004: Cannot use JSX unless the '--jsx' flag is provided.
src/features/invoicing/components/invoice-form-pago.tsx(838,21): error TS17004: Cannot use JSX unless the '--jsx' flag is provided.
src/features/invoicing/components/invoice-form-pago.tsx(839,25): error TS17004: Cannot use JSX unless the '--jsx' flag is provided.
src/features/invoicing/components/invoice-form-pago.tsx(840,29): error TS17004: Cannot use JSX unless the '--jsx' flag is provided.
src/features/invoicing/components/invoice-form-pago.tsx(841,29): error TS17004: Cannot use JSX unless the '--jsx' flag is provided.
src/features/invoicing/components/invoice-form-pago.tsx(844,21): error TS17004: Cannot use JSX unless the '--jsx' flag is provided.
src/features/invoicing/components/invoice-form-pago.tsx(845,25): error TS17004: Cannot use JSX unless the '--jsx' flag is provided.
src/features/invoicing/components/invoice-form-pago.tsx(846,29): error TS17004: Cannot use JSX unless the '--jsx' flag is provided.
src/features/invoicing/components/invoice-form-pago.tsx(847,33): error TS17004: Cannot use JSX unless the '--jsx' flag is provided.
src/features/invoicing/components/invoice-form-pago.tsx(848,33): error TS17004: Cannot use JSX unless the '--jsx' flag is provided.
src/features/invoicing/components/invoice-form-pago.tsx(851,25): error TS17004: Cannot use JSX unless the '--jsx' flag is provided.
src/features/invoicing/components/invoice-form-pago.tsx(852,29): error TS17004: Cannot use JSX unless the '--jsx' flag is provided.
src/features/invoicing/components/invoice-form-pago.tsx(853,33): error TS17004: Cannot use JSX unless the '--jsx' flag is provided.
src/features/invoicing/components/invoice-form-pago.tsx(854,33): error TS17004: Cannot use JSX unless the '--jsx' flag is provided.
src/features/invoicing/components/invoice-form-pago.tsx(857,25): error TS17004: Cannot use JSX unless the '--jsx' flag is provided.
src/features/invoicing/components/invoice-form-pago.tsx(858,29): error TS17004: Cannot use JSX unless the '--jsx' flag is provided.
src/features/invoicing/components/invoice-form-pago.tsx(859,33): error TS17004: Cannot use JSX unless the '--jsx' flag is provided.
src/features/invoicing/components/invoice-form-pago.tsx(860,33): error TS17004: Cannot use JSX unless the '--jsx' flag is provided.
src/features/invoicing/components/invoice-form-pago.tsx(861,37): error TS17004: Cannot use JSX unless the '--jsx' flag is provided.
src/features/invoicing/components/invoice-form-pago.tsx(872,25): error TS17004: Cannot use JSX unless the '--jsx' flag is provided.
src/features/invoicing/components/invoice-form-pago.tsx(873,29): error TS17004: Cannot use JSX unless the '--jsx' flag is provided.
src/features/invoicing/components/invoice-form-pago.tsx(874,33): error TS17004: Cannot use JSX unless the '--jsx' flag is provided.
src/features/invoicing/components/invoice-form-pago.tsx(875,33): error TS17004: Cannot use JSX unless the '--jsx' flag is provided.
src/features/invoicing/components/invoice-form-pago.tsx(881,17): error TS17004: Cannot use JSX unless the '--jsx' flag is provided.
src/features/invoicing/components/invoice-form-pago.tsx(882,21): error TS17004: Cannot use JSX unless the '--jsx' flag is provided.
src/features/invoicing/components/invoice-form-pago.tsx(883,25): error TS17004: Cannot use JSX unless the '--jsx' flag is provided.
src/features/invoicing/components/invoice-form-pago.tsx(884,29): error TS17004: Cannot use JSX unless the '--jsx' flag is provided.
src/features/invoicing/components/invoice-form-pago.tsx(885,29): error TS17004: Cannot use JSX unless the '--jsx' flag is provided.
src/features/invoicing/components/invoice-form-pago.tsx(887,25): error TS17004: Cannot use JSX unless the '--jsx' flag is provided.
src/features/invoicing/components/invoice-form-pago.tsx(901,29): error TS17004: Cannot use JSX unless the '--jsx' flag is provided.
src/features/invoicing/components/invoice-form-pago.tsx(904,21): error TS17004: Cannot use JSX unless the '--jsx' flag is provided.
src/features/invoicing/components/invoice-form-pago.tsx(905,25): error TS17004: Cannot use JSX unless the '--jsx' flag is provided.
src/features/invoicing/components/invoice-form-pago.tsx(906,29): error TS17004: Cannot use JSX unless the '--jsx' flag is provided.
src/features/invoicing/components/invoice-form-pago.tsx(907,33): error TS17004: Cannot use JSX unless the '--jsx' flag is provided.
src/features/invoicing/components/invoice-form-pago.tsx(908,37): error TS17004: Cannot use JSX unless the '--jsx' flag is provided.
src/features/invoicing/components/invoice-form-pago.tsx(909,37): error TS17004: Cannot use JSX unless the '--jsx' flag is provided.
src/features/invoicing/components/invoice-form-pago.tsx(910,37): error TS17004: Cannot use JSX unless the '--jsx' flag is provided.
src/features/invoicing/components/invoice-form-pago.tsx(911,37): error TS17004: Cannot use JSX unless the '--jsx' flag is provided.
src/features/invoicing/components/invoice-form-pago.tsx(912,37): error TS17004: Cannot use JSX unless the '--jsx' flag is provided.
src/features/invoicing/components/invoice-form-pago.tsx(913,37): error TS17004: Cannot use JSX unless the '--jsx' flag is provided.
src/features/invoicing/components/invoice-form-pago.tsx(916,29): error TS17004: Cannot use JSX unless the '--jsx' flag is provided.
src/features/invoicing/components/invoice-form-pago.tsx(918,37): error TS17004: Cannot use JSX unless the '--jsx' flag is provided.
src/features/invoicing/components/invoice-form-pago.tsx(919,41): error TS17004: Cannot use JSX unless the '--jsx' flag is provided.
src/features/invoicing/components/invoice-form-pago.tsx(920,45): error TS17004: Cannot use JSX unless the '--jsx' flag is provided.
src/features/invoicing/components/invoice-form-pago.tsx(921,49): error TS17004: Cannot use JSX unless the '--jsx' flag is provided.
src/features/invoicing/components/invoice-form-pago.tsx(925,57): error TS17004: Cannot use JSX unless the '--jsx' flag is provided.
src/features/invoicing/components/invoice-form-pago.tsx(934,45): error TS17004: Cannot use JSX unless the '--jsx' flag is provided.
src/features/invoicing/components/invoice-form-pago.tsx(935,49): error TS17004: Cannot use JSX unless the '--jsx' flag is provided.
src/features/invoicing/components/invoice-form-pago.tsx(941,45): error TS17004: Cannot use JSX unless the '--jsx' flag is provided.
src/features/invoicing/components/invoice-form-pago.tsx(942,49): error TS17004: Cannot use JSX unless the '--jsx' flag is provided.
src/features/invoicing/components/invoice-form-pago.tsx(946,57): error TS17004: Cannot use JSX unless the '--jsx' flag is provided.
src/features/invoicing/components/invoice-form-pago.tsx(947,61): error TS17004: Cannot use JSX unless the '--jsx' flag is provided.
src/features/invoicing/components/invoice-form-pago.tsx(948,65): error TS17004: Cannot use JSX unless the '--jsx' flag is provided.
src/features/invoicing/components/invoice-form-pago.tsx(950,61): error TS17004: Cannot use JSX unless the '--jsx' flag is provided.
src/features/invoicing/components/invoice-form-pago.tsx(951,65): error TS17004: Cannot use JSX unless the '--jsx' flag is provided.
src/features/invoicing/components/invoice-form-pago.tsx(952,65): error TS17004: Cannot use JSX unless the '--jsx' flag is provided.
src/features/invoicing/components/invoice-form-pago.tsx(958,45): error TS17004: Cannot use JSX unless the '--jsx' flag is provided.
src/features/invoicing/components/invoice-form-pago.tsx(959,49): error TS17004: Cannot use JSX unless the '--jsx' flag is provided.
src/features/invoicing/components/invoice-form-pago.tsx(966,45): error TS17004: Cannot use JSX unless the '--jsx' flag is provided.
src/features/invoicing/components/invoice-form-pago.tsx(967,49): error TS17004: Cannot use JSX unless the '--jsx' flag is provided.
src/features/invoicing/components/invoice-form-pago.tsx(974,53): error TS17004: Cannot use JSX unless the '--jsx' flag is provided.
src/features/invoicing/components/invoice-form-pago.tsx(978,45): error TS17004: Cannot use JSX unless the '--jsx' flag is provided.
src/features/invoicing/components/invoice-form-pago.tsx(979,49): error TS17004: Cannot use JSX unless the '--jsx' flag is provided.
src/features/invoicing/components/invoice-form-pago.tsx(987,53): error TS17004: Cannot use JSX unless the '--jsx' flag is provided.
src/features/invoicing/components/invoice-form-pago.tsx(994,37): error TS17004: Cannot use JSX unless the '--jsx' flag is provided.
src/features/invoicing/components/invoice-form-pago.tsx(995,41): error TS17004: Cannot use JSX unless the '--jsx' flag is provided.
src/features/invoicing/components/invoice-form-pago.tsx(1005,17): error TS17004: Cannot use JSX unless the '--jsx' flag is provided.
src/features/invoicing/components/invoice-form-pago.tsx(1006,21): error TS17004: Cannot use JSX unless the '--jsx' flag is provided.
src/features/invoicing/components/invoice-form-pago.tsx(1007,25): error TS17004: Cannot use JSX unless the '--jsx' flag is provided.
src/features/invoicing/components/invoice-form-pago.tsx(1008,29): error TS17004: Cannot use JSX unless the '--jsx' flag is provided.
src/features/invoicing/components/invoice-form-pago.tsx(1009,33): error TS17004: Cannot use JSX unless the '--jsx' flag is provided.
src/features/invoicing/components/invoice-form-pago.tsx(1013,41): error TS17004: Cannot use JSX unless the '--jsx' flag is provided.
src/features/invoicing/components/invoice-form-pago.tsx(1014,45): error TS17004: Cannot use JSX unless the '--jsx' flag is provided.
src/features/invoicing/components/invoice-form-pago.tsx(1015,45): error TS17004: Cannot use JSX unless the '--jsx' flag is provided.
src/features/invoicing/components/invoice-form-pago.tsx(1023,21): error TS17004: Cannot use JSX unless the '--jsx' flag is provided.
src/features/invoicing/components/invoice-form-pago.tsx(1024,25): error TS17004: Cannot use JSX unless the '--jsx' flag is provided.
src/features/invoicing/components/invoice-form-pago.tsx(1025,29): error TS17004: Cannot use JSX unless the '--jsx' flag is provided.
src/features/invoicing/components/invoice-form-pago.tsx(1032,33): error TS17004: Cannot use JSX unless the '--jsx' flag is provided.
src/features/invoicing/components/invoice-form-pago.tsx(1034,29): error TS17004: Cannot use JSX unless the '--jsx' flag is provided.
src/features/invoicing/components/invoice-form-pago.tsx(1042,21): error TS17004: Cannot use JSX unless the '--jsx' flag is provided.
src/features/invoicing/components/invoice-form-pago.tsx(1043,25): error TS17004: Cannot use JSX unless the '--jsx' flag is provided.
src/features/invoicing/components/invoice-form-pago.tsx(1044,29): error TS17004: Cannot use JSX unless the '--jsx' flag is provided.
src/features/invoicing/components/invoice-form-pago.tsx(1045,33): error TS17004: Cannot use JSX unless the '--jsx' flag is provided.
src/features/invoicing/components/invoice-form-pago.tsx(1046,37): error TS17004: Cannot use JSX unless the '--jsx' flag is provided.
src/features/invoicing/components/invoice-form-pago.tsx(1047,41): error TS17004: Cannot use JSX unless the '--jsx' flag is provided.
src/features/invoicing/components/invoice-form-pago.tsx(1048,41): error TS17004: Cannot use JSX unless the '--jsx' flag is provided.
src/features/invoicing/components/invoice-form-pago.tsx(1055,25): error TS17004: Cannot use JSX unless the '--jsx' flag is provided.
src/features/invoicing/components/invoice-form-pago.tsx(1064,29): error TS17004: Cannot use JSX unless the '--jsx' flag is provided.
src/features/invoicing/components/invoice-form-pago.tsx(1070,13): error TS17004: Cannot use JSX unless the '--jsx' flag is provided.
src/features/invoicing/components/invoice-form-pago.tsx(1071,17): error TS17004: Cannot use JSX unless the '--jsx' flag is provided.
src/features/invoicing/components/invoice-form-pago.tsx(1072,21): error TS17004: Cannot use JSX unless the '--jsx' flag is provided.
src/features/invoicing/components/invoice-form-pago.tsx(1073,25): error TS17004: Cannot use JSX unless the '--jsx' flag is provided.
src/features/invoicing/components/invoice-form-pago.tsx(1074,29): error TS17004: Cannot use JSX unless the '--jsx' flag is provided.
src/features/invoicing/components/invoice-form-pago.tsx(1077,25): error TS17004: Cannot use JSX unless the '--jsx' flag is provided.
src/features/invoicing/components/invoice-form-pago.tsx(1082,21): error TS17004: Cannot use JSX unless the '--jsx' flag is provided.
src/features/invoicing/components/invoice-form-pago.tsx(1084,25): error TS17004: Cannot use JSX unless the '--jsx' flag is provided.
src/features/invoicing/components/invoice-form-pago.tsx(1085,29): error TS17004: Cannot use JSX unless the '--jsx' flag is provided.
src/features/invoicing/components/invoice-form-pago.tsx(1086,33): error TS17004: Cannot use JSX unless the '--jsx' flag is provided.
src/features/invoicing/components/invoice-form-pago.tsx(1087,33): error TS17004: Cannot use JSX unless the '--jsx' flag is provided.
src/features/invoicing/components/invoice-form-pago.tsx(1094,29): error TS17004: Cannot use JSX unless the '--jsx' flag is provided.
src/features/invoicing/components/invoice-form-pago.tsx(1095,33): error TS17004: Cannot use JSX unless the '--jsx' flag is provided.
src/features/invoicing/components/invoice-form-pago.tsx(1096,33): error TS17004: Cannot use JSX unless the '--jsx' flag is provided.
src/features/invoicing/components/invoice-form-pago.tsx(1103,29): error TS17004: Cannot use JSX unless the '--jsx' flag is provided.
src/features/invoicing/components/invoice-form-pago.tsx(1104,33): error TS17004: Cannot use JSX unless the '--jsx' flag is provided.
src/features/invoicing/components/invoice-form-pago.tsx(1105,33): error TS17004: Cannot use JSX unless the '--jsx' flag is provided.
src/features/invoicing/components/invoice-form-pago.tsx(1106,37): error TS17004: Cannot use JSX unless the '--jsx' flag is provided.
src/features/invoicing/components/invoice-form-pago.tsx(1107,41): error TS17004: Cannot use JSX unless the '--jsx' flag is provided.
src/features/invoicing/components/invoice-form-pago.tsx(1109,37): error TS17004: Cannot use JSX unless the '--jsx' flag is provided.
src/features/invoicing/components/invoice-form-pago.tsx(1110,41): error TS17004: Cannot use JSX unless the '--jsx' flag is provided.
src/features/invoicing/components/invoice-form-pago.tsx(1111,41): error TS17004: Cannot use JSX unless the '--jsx' flag is provided.
src/features/invoicing/components/invoice-form-pago.tsx(1115,29): error TS17004: Cannot use JSX unless the '--jsx' flag is provided.
src/features/invoicing/components/invoice-form-pago.tsx(1116,33): error TS17004: Cannot use JSX unless the '--jsx' flag is provided.
src/features/invoicing/components/invoice-form-pago.tsx(1117,33): error TS17004: Cannot use JSX unless the '--jsx' flag is provided.
src/features/invoicing/components/invoice-form-pago.tsx(1125,29): error TS17004: Cannot use JSX unless the '--jsx' flag is provided.
src/features/invoicing/components/invoice-form-pago.tsx(1126,33): error TS17004: Cannot use JSX unless the '--jsx' flag is provided.
src/features/invoicing/components/invoice-form-pago.tsx(1127,33): error TS17004: Cannot use JSX unless the '--jsx' flag is provided.
src/features/invoicing/components/invoice-form-pago.tsx(1135,29): error TS17004: Cannot use JSX unless the '--jsx' flag is provided.
src/features/invoicing/components/invoice-form-pago.tsx(1136,33): error TS17004: Cannot use JSX unless the '--jsx' flag is provided.
src/features/invoicing/components/invoice-form-pago.tsx(1137,33): error TS17004: Cannot use JSX unless the '--jsx' flag is provided.
src/features/invoicing/components/invoice-form-pago.tsx(1144,29): error TS17004: Cannot use JSX unless the '--jsx' flag is provided.
src/features/invoicing/components/invoice-form-pago.tsx(1145,33): error TS17004: Cannot use JSX unless the '--jsx' flag is provided.
src/features/invoicing/components/invoice-form-pago.tsx(1150,65): error TS17004: Cannot use JSX unless the '--jsx' flag is provided.
src/features/invoicing/components/invoice-form-pago.tsx(1150,103): error TS17004: Cannot use JSX unless the '--jsx' flag is provided.
src/features/invoicing/components/invoice-form-pago.tsx(1157,25): error TS17004: Cannot use JSX unless the '--jsx' flag is provided.
src/features/invoicing/components/invoice-form-pago.tsx(1158,29): error TS17004: Cannot use JSX unless the '--jsx' flag is provided.
src/features/invoicing/components/invoice-form-pago.tsx(1159,33): error TS17004: Cannot use JSX unless the '--jsx' flag is provided.
src/features/invoicing/components/invoice-form-pago.tsx(1160,37): error TS17004: Cannot use JSX unless the '--jsx' flag is provided.
src/features/invoicing/components/invoice-form-pago.tsx(1161,41): error TS17004: Cannot use JSX unless the '--jsx' flag is provided.
src/features/invoicing/components/invoice-form-pago.tsx(1162,41): error TS17004: Cannot use JSX unless the '--jsx' flag is provided.
src/features/invoicing/components/invoice-form-pago.tsx(1163,41): error TS17004: Cannot use JSX unless the '--jsx' flag is provided.
src/features/invoicing/components/invoice-form-pago.tsx(1164,41): error TS17004: Cannot use JSX unless the '--jsx' flag is provided.
src/features/invoicing/components/invoice-form-pago.tsx(1165,41): error TS17004: Cannot use JSX unless the '--jsx' flag is provided.
src/features/invoicing/components/invoice-form-pago.tsx(1166,41): error TS17004: Cannot use JSX unless the '--jsx' flag is provided.
src/features/invoicing/components/invoice-form-pago.tsx(1169,33): error TS17004: Cannot use JSX unless the '--jsx' flag is provided.
src/features/invoicing/components/invoice-form-pago.tsx(1173,45): error TS17004: Cannot use JSX unless the '--jsx' flag is provided.
src/features/invoicing/components/invoice-form-pago.tsx(1174,49): error TS17004: Cannot use JSX unless the '--jsx' flag is provided.
src/features/invoicing/components/invoice-form-pago.tsx(1177,49): error TS17004: Cannot use JSX unless the '--jsx' flag is provided.
src/features/invoicing/components/invoice-form-pago.tsx(1178,49): error TS17004: Cannot use JSX unless the '--jsx' flag is provided.
src/features/invoicing/components/invoice-form-pago.tsx(1179,49): error TS17004: Cannot use JSX unless the '--jsx' flag is provided.
src/features/invoicing/components/invoice-form-pago.tsx(1180,49): error TS17004: Cannot use JSX unless the '--jsx' flag is provided.
src/features/invoicing/components/invoice-form-pago.tsx(1181,53): error TS17004: Cannot use JSX unless the '--jsx' flag is provided.
src/features/invoicing/components/invoice-form-pago.tsx(1185,49): error TS17004: Cannot use JSX unless the '--jsx' flag is provided.
src/features/invoicing/components/invoice-form-pago.tsx(1186,53): error TS17004: Cannot use JSX unless the '--jsx' flag is provided.
src/features/invoicing/components/invoice-form-pago.tsx(1187,57): error TS17004: Cannot use JSX unless the '--jsx' flag is provided.
src/features/invoicing/components/invoice-form-pago.tsx(1193,61): error TS17004: Cannot use JSX unless the '--jsx' flag is provided.
src/features/invoicing/components/invoice-form-pago.tsx(1195,57): error TS17004: Cannot use JSX unless the '--jsx' flag is provided.
src/features/invoicing/components/invoice-form-pago.tsx(1201,61): error TS17004: Cannot use JSX unless the '--jsx' flag is provided.
src/features/invoicing/components/invoice-form-pago.tsx(1209,41): error TS17004: Cannot use JSX unless the '--jsx' flag is provided.
src/features/invoicing/components/invoice-form-pago.tsx(1210,45): error TS17004: Cannot use JSX unless the '--jsx' flag is provided.
src/features/invoicing/components/invoice-form-pago.tsx(1211,49): error TS17004: Cannot use JSX unless the '--jsx' flag is provided.
src/features/invoicing/components/invoice-form-pago.tsx(1212,53): error TS17004: Cannot use JSX unless the '--jsx' flag is provided.
src/features/invoicing/components/invoice-form-pago.tsx(1213,53): error TS17004: Cannot use JSX unless the '--jsx' flag is provided.
src/features/invoicing/components/invoice-form-pago.tsx(1223,21): error TS17004: Cannot use JSX unless the '--jsx' flag is provided.
src/features/invoicing/components/invoice-form-pago.tsx(1224,25): error TS17004: Cannot use JSX unless the '--jsx' flag is provided.
src/features/invoicing/components/invoice-form-pago.tsx(1233,21): error TS17004: Cannot use JSX unless the '--jsx' flag is provided.
src/features/invoicing/components/invoice-form-pago.tsx(1234,25): error TS17004: Cannot use JSX unless the '--jsx' flag is provided.
src/features/invoicing/components/invoice-form-pago.tsx(1235,25): error TS17004: Cannot use JSX unless the '--jsx' flag is provided.
src/features/invoicing/components/invoice-form-pago.tsx(1242,13): error TS17004: Cannot use JSX unless the '--jsx' flag is provided.
src/features/invoicing/data/invoicing-api.ts(1,21): error TS2307: Cannot find module '@/lib/api' or its corresponding type declarations.
